[19dic2025 13:02:30.517] [main/INFO] [net.neoforged.fml.startup.Entrypoint/]: JVM Uptime at startup: 126ms
[19dic2025 13:02:30.525] [main/INFO] [net.neoforged.fml.loading.FMLLoader/]: Starting FancyModLoader version 10.0.36 (CLIENT in DEV)
[19dic2025 13:02:30.525] [main/INFO] [net.neoforged.fml.loading.FMLLoader/]: Game directory: D:\Programmazione\Mod\Gilded Armor\NEOFORGE\1.21.11\runs\clientData
[19dic2025 13:02:30.526] [main/DEBUG] [net.neoforged.fml.loading.FMLPaths/CORE]: Path GAMEDIR is D:\Programmazione\Mod\Gilded Armor\NEOFORGE\1.21.11\runs\clientData
[19dic2025 13:02:30.526] [main/DEBUG] [net.neoforged.fml.loading.FMLPaths/CORE]: Path JIJ_CACHEDIR is D:\Programmazione\Mod\Gilded Armor\NEOFORGE\1.21.11\runs\clientData\.cache\jij
[19dic2025 13:02:30.527] [main/DEBUG] [net.neoforged.fml.loading.FMLPaths/CORE]: Path MODSDIR is D:\Programmazione\Mod\Gilded Armor\NEOFORGE\1.21.11\runs\clientData\mods
[19dic2025 13:02:30.527] [main/DEBUG] [net.neoforged.fml.loading.FMLPaths/CORE]: Path CONFIGDIR is D:\Programmazione\Mod\Gilded Armor\NEOFORGE\1.21.11\runs\clientData\config
[19dic2025 13:02:30.527] [main/DEBUG] [net.neoforged.fml.loading.FMLPaths/CORE]: Path FMLCONFIG is D:\Programmazione\Mod\Gilded Armor\NEOFORGE\1.21.11\runs\clientData\config\fml.toml
[19dic2025 13:02:30.571] [ForkJoinPool.commonPool-worker-9/DEBUG] [net.neoforged.fml.loading.EarlyServiceDiscovery/]: C:\Users\rosar\.gradle\caches\modules-2\files-2.1\net.neoforged.fancymodloader\earlydisplay\10.0.36\dbd0e11d545443f602addede111c39d9639708f9\earlydisplay-10.0.36.jar contains early service net.neoforged.neoforgespi.earlywindow.ImmediateWindowProvider
[19dic2025 13:02:30.571] [ForkJoinPool.commonPool-worker-15/DEBUG] [net.neoforged.fml.loading.EarlyServiceDiscovery/]: C:\Users\rosar\.gradle\caches\modules-2\files-2.1\net.neoforged.fancymodloader\loader\10.0.36\f72ab4d3e755fe736829883d90430a281527aca\loader-10.0.36.jar contains early service net.neoforged.neoforgespi.locating.IDependencyLocator
[19dic2025 13:02:30.586] [ForkJoinPool.commonPool-worker-9/DEBUG] [net.neoforged.fml.loading.moddiscovery.ModFile/LOADING]: Loading mod file C:\Users\rosar\.gradle\caches\modules-2\files-2.1\net.neoforged.fancymodloader\earlydisplay\10.0.36\dbd0e11d545443f602addede111c39d9639708f9\earlydisplay-10.0.36.jar with languages []
[19dic2025 13:02:30.586] [ForkJoinPool.commonPool-worker-15/DEBUG] [net.neoforged.fml.loading.moddiscovery.ModFile/LOADING]: Loading mod file C:\Users\rosar\.gradle\caches\modules-2\files-2.1\net.neoforged.fancymodloader\loader\10.0.36\f72ab4d3e755fe736829883d90430a281527aca\loader-10.0.36.jar with languages []
[19dic2025 13:02:30.587] [main/INFO] [net.neoforged.fml.loading.EarlyServiceDiscovery/]: Found 2 early service jars (out of 108) in 28ms
[19dic2025 13:02:30.588] [main/INFO] [net.neoforged.fml.loading.FMLLoader/]: Loading FML Early Services:
[19dic2025 13:02:30.588] [main/INFO] [net.neoforged.fml.loading.FMLLoader/]:  - C:/Users/rosar/.gradle/caches/modules-2/files-2.1/net.neoforged.fancymodloader/earlydisplay/10.0.36/dbd0e11d545443f602addede111c39d9639708f9/earlydisplay-10.0.36.jar
[19dic2025 13:02:30.589] [main/INFO] [net.neoforged.fml.loading.FMLLoader/]:  - C:/Users/rosar/.gradle/caches/modules-2/files-2.1/net.neoforged.fancymodloader/loader/10.0.36/f72ab4d3e755fe736829883d90430a281527aca/loader-10.0.36.jar
[19dic2025 13:02:30.592] [main/DEBUG] [net.neoforged.fml.util.ServiceLoaderUtil/CORE]: Found 0 implementations of GraphicsBootstrapper:
[19dic2025 13:02:30.592] [main/INFO] [net.neoforged.fml.loading.ImmediateWindowHandler/]: Not loading early display in headless mode.
[19dic2025 13:02:30.596] [main/DEBUG] [net.neoforged.fml.util.ServiceLoaderUtil/CORE]: Found 4 implementations of IModFileCandidateLocator:
[19dic2025 13:02:30.596] [main/DEBUG] [net.neoforged.fml.util.ServiceLoaderUtil/CORE]: 	    1000 - [built-in] net.neoforged.fml.loading.moddiscovery.locators.GameLocator from C:/Users/rosar/.gradle/caches/modules-2/files-2.1/net.neoforged.fancymodloader/loader/10.0.36/f72ab4d3e755fe736829883d90430a281527aca/loader-10.0.36.jar
[19dic2025 13:02:30.597] [main/DEBUG] [net.neoforged.fml.util.ServiceLoaderUtil/CORE]: 	    1000 - [built-in] net.neoforged.fml.loading.moddiscovery.locators.InDevFolderLocator from C:/Users/rosar/.gradle/caches/modules-2/files-2.1/net.neoforged.fancymodloader/loader/10.0.36/f72ab4d3e755fe736829883d90430a281527aca/loader-10.0.36.jar
[19dic2025 13:02:30.597] [main/DEBUG] [net.neoforged.fml.util.ServiceLoaderUtil/CORE]: 	    1000 - [built-in] net.neoforged.fml.loading.moddiscovery.locators.InDevJarLocator from C:/Users/rosar/.gradle/caches/modules-2/files-2.1/net.neoforged.fancymodloader/loader/10.0.36/f72ab4d3e755fe736829883d90430a281527aca/loader-10.0.36.jar
[19dic2025 13:02:30.597] [main/DEBUG] [net.neoforged.fml.util.ServiceLoaderUtil/CORE]: 	       0 - [built-in] net.neoforged.fml.loading.moddiscovery.locators.ModsFolderLocator from C:/Users/rosar/.gradle/caches/modules-2/files-2.1/net.neoforged.fancymodloader/loader/10.0.36/f72ab4d3e755fe736829883d90430a281527aca/loader-10.0.36.jar
[19dic2025 13:02:30.598] [main/DEBUG] [net.neoforged.fml.util.ServiceLoaderUtil/CORE]: Found 2 implementations of IModFileReader:
[19dic2025 13:02:30.599] [main/DEBUG] [net.neoforged.fml.util.ServiceLoaderUtil/CORE]: 	       0 - net.neoforged.fml.loading.moddiscovery.readers.JarModsDotTomlModFileReader from C:/Users/rosar/.gradle/caches/modules-2/files-2.1/net.neoforged.fancymodloader/loader/10.0.36/f72ab4d3e755fe736829883d90430a281527aca/loader-10.0.36.jar
[19dic2025 13:02:30.599] [main/DEBUG] [net.neoforged.fml.util.ServiceLoaderUtil/CORE]: 	   -1000 - net.neoforged.fml.loading.moddiscovery.readers.NestedLibraryModReader from C:/Users/rosar/.gradle/caches/modules-2/files-2.1/net.neoforged.fancymodloader/loader/10.0.36/f72ab4d3e755fe736829883d90430a281527aca/loader-10.0.36.jar
[19dic2025 13:02:30.601] [main/DEBUG] [net.neoforged.fml.util.ServiceLoaderUtil/CORE]: Found 1 implementations of IDependencyLocator:
[19dic2025 13:02:30.601] [main/DEBUG] [net.neoforged.fml.util.ServiceLoaderUtil/CORE]: 	       0 - net.neoforged.fml.loading.moddiscovery.locators.JarInJarDependencyLocator from C:/Users/rosar/.gradle/caches/modules-2/files-2.1/net.neoforged.fancymodloader/loader/10.0.36/f72ab4d3e755fe736829883d90430a281527aca/loader-10.0.36.jar
[19dic2025 13:02:30.623] [main/DEBUG] [net.neoforged.fml.loading.moddiscovery.locators.RequiredSystemFiles/]: Found NeoForge MANIFEST.MF in jar(C:/Users/rosar/.gradle/caches/modules-2/files-2.1/net.neoforged/neoforge/21.11.11-beta/654be20fe29ed0cb40e16adff4881b592fb0b6a5/neoforge-21.11.11-beta-universal.jar)
[19dic2025 13:02:30.624] [main/INFO] [net.neoforged.fml.loading.moddiscovery.locators.GameLocator/]: Detected a joined NeoForge and Minecraft configuration. Applying filtering...
[19dic2025 13:02:30.693] [main/DEBUG] [net.neoforged.fml.loading.moddiscovery.ModFileInfo/LOADING]: Found valid mod file neoforge-21.11.11-beta.jar with {minecraft} mods - versions {1.21.11}
[19dic2025 13:02:30.700] [main/DEBUG] [net.neoforged.fml.loading.moddiscovery.ModFile/LOADING]: Loading mod file D:\Programmazione\Mod\Gilded Armor\NEOFORGE\1.21.11\.gradle\repositories\ng_dummy_ng\net\neoforged\neoforge\21.11.11-beta\neoforge-21.11.11-beta.jar with languages [LanguageSpec[languageName=minecraft, acceptedVersions=1]]
[19dic2025 13:02:30.702] [main/DEBUG] [net.neoforged.fml.loading.moddiscovery.ModFileParser/LOADING]: Considering mod file candidate C:\Users\rosar\.gradle\caches\modules-2\files-2.1\net.neoforged\neoforge\21.11.11-beta\654be20fe29ed0cb40e16adff4881b592fb0b6a5\neoforge-21.11.11-beta-universal.jar
[19dic2025 13:02:30.704] [main/DEBUG] [net.neoforged.fml.loading.moddiscovery.ModFileInfo/LOADING]: Found valid mod file neoforge-21.11.11-beta-universal.jar with {neoforge} mods - versions {21.11.11-beta}
[19dic2025 13:02:30.706] [main/DEBUG] [net.neoforged.fml.loading.moddiscovery.ModFile/LOADING]: Loading mod file C:\Users\rosar\.gradle\caches\modules-2\files-2.1\net.neoforged\neoforge\21.11.11-beta\654be20fe29ed0cb40e16adff4881b592fb0b6a5\neoforge-21.11.11-beta-universal.jar with languages [LanguageSpec[languageName=javafml, acceptedVersions=[3,]]]
[19dic2025 13:02:30.709] [main/DEBUG] [net.neoforged.fml.loading.moddiscovery.ModFile/LOADING]: Found mixin config MixinConfig[config=neoforge.mixins.json, requiredMods=[], behaviorVersion=null]
[19dic2025 13:02:30.711] [main/INFO] [net.neoforged.fml.loading.moddiscovery.locators.InDevFolderLocator/CORE]: Got mod coordinates 1.21.11%%D:\Programmazione\Mod\Gilded Armor\NEOFORGE\1.21.11\build\resources\main;1.21.11%%D:\Programmazione\Mod\Gilded Armor\NEOFORGE\1.21.11\build\classes\java\main from env
[19dic2025 13:02:30.715] [main/DEBUG] [net.neoforged.fml.loading.moddiscovery.ModFileParser/LOADING]: Considering mod file candidate D:\Programmazione\Mod\Gilded Armor\NEOFORGE\1.21.11\build\resources\main
[19dic2025 13:02:30.721] [main/DEBUG] [net.neoforged.fml.loading.moddiscovery.ModFileInfo/LOADING]: Found valid mod file main with {gildedarmor} mods - versions {1.21.11-0.1}
[19dic2025 13:02:30.721] [main/DEBUG] [net.neoforged.fml.loading.moddiscovery.ModFile/LOADING]: Loading mod file D:\Programmazione\Mod\Gilded Armor\NEOFORGE\1.21.11\build\resources\main with languages [LanguageSpec[languageName=javafml, acceptedVersions=[4,)]]
[19dic2025 13:02:30.723] [main/DEBUG] [net.neoforged.fml.loading.moddiscovery.ModDiscoverer/]: Skipping D:\Programmazione\Mod\Gilded Armor\NEOFORGE\1.21.11\.gradle\repositories\ng_dummy_ng\net\neoforged\neoforge\21.11.11-beta\neoforge-21.11.11-beta.jar because it was already located earlier
[19dic2025 13:02:30.723] [main/DEBUG] [net.neoforged.fml.loading.moddiscovery.ModDiscoverer/]: Skipping C:\Users\rosar\.gradle\caches\modules-2\files-2.1\net.neoforged\neoforge\21.11.11-beta\654be20fe29ed0cb40e16adff4881b592fb0b6a5\neoforge-21.11.11-beta-universal.jar because it was already located earlier
[19dic2025 13:02:30.756] [main/DEBUG] [net.neoforged.fml.loading.moddiscovery.ModFile/LOADING]: Loading mod file C:\Users\rosar\.gradle\caches\modules-2\files-2.1\io.github.llamalad7\mixinextras-neoforge\0.5.0\d734b83ce6542bb70ea31755c1595b88992dbe65\mixinextras-neoforge-0.5.0.jar with languages []
[19dic2025 13:02:30.825] [main/DEBUG] [net.neoforged.fml.loading.moddiscovery.ModFile/LOADING]: Loading mod file D:\Programmazione\Mod\Gilded Armor\NEOFORGE\1.21.11\runs\clientData\.cache\jij\9c617719248f8b89847348fc7ea5e705739c147ae5e172551264d225bc9f2507\mixinextras-neoforge-0.5.0.jar with languages []
[19dic2025 13:02:30.827] [main/DEBUG] [net.neoforged.fml.loading.moddiscovery.ModFile/LOADING]: Loading mod file D:\Programmazione\Mod\Gilded Armor\NEOFORGE\1.21.11\runs\clientData\.cache\jij\54bb3c61f37ced77ba30dc02ca5b2f71ced259612101a8b1325855cff9d9755c\net.neoforged.neoforge-coremods-21.11.11-beta.jar with languages []
[19dic2025 13:02:30.859] [main/WARN] [net.neoforged.jarjar.selection.JarSelector/]: Attempted to select a dependency jar for JarJar which was passed in as source: library:mixinextras.neoforge. Using jar(C:/Users/rosar/.gradle/caches/modules-2/files-2.1/io.github.llamalad7/mixinextras-neoforge/0.5.0/d734b83ce6542bb70ea31755c1595b88992dbe65/mixinextras-neoforge-0.5.0.jar)
[19dic2025 13:02:30.860] [main/INFO] [net.neoforged.fml.loading.moddiscovery.locators.JarInJarDependencyLocator/]: Found 1 dependencies adding them to mods collection
[19dic2025 13:02:30.861] [main/INFO] [net.neoforged.fml.loading.moddiscovery.ModDiscoverer/]: 
     Mod List:
		Name Version (Mod Id)

		GildedArmor 1.21.11-0.1 (gildedarmor)
		Minecraft 1.21.11 (minecraft)
		NeoForge 21.11.11-beta (neoforge)
[19dic2025 13:02:30.864] [main/DEBUG] [net.neoforged.fml.loading.ModSorter/]: Configured system mods: [minecraft, neoforge]
[19dic2025 13:02:30.864] [main/DEBUG] [net.neoforged.fml.loading.ModSorter/]: Found system mod: minecraft
[19dic2025 13:02:30.864] [main/DEBUG] [net.neoforged.fml.loading.ModSorter/]: Found system mod: neoforge
[19dic2025 13:02:30.871] [main/DEBUG] [net.neoforged.fml.loading.ModSorter/LOADING]: Found 2 mod requirements (2 mandatory, 0 optional)
[19dic2025 13:02:30.872] [main/DEBUG] [net.neoforged.fml.loading.ModSorter/LOADING]: Found 0 mod requirements missing (0 mandatory, 0 optional)
[19dic2025 13:02:31.081] [main/INFO] [mixin/]: SpongePowered MIXIN Subsystem Version=0.8.7 Source=file:/C:/Users/rosar/.gradle/caches/modules-2/files-2.1/net.fabricmc/sponge-mixin/0.16.5+mixin.0.8.7/80fc3a9f592673cea87f4cd702f87991c6c9fe4d/sponge-mixin-0.16.5+mixin.0.8.7.jar Service=FML Env=CLIENT
[19dic2025 13:02:31.129] [main/DEBUG] [mixin/]: Initialising Mixin Platform Manager
[19dic2025 13:02:31.129] [main/DEBUG] [mixin/]: Adding mixin platform agents for container ContainerHandleVirtual(fml:18c85)
[19dic2025 13:02:31.131] [main/DEBUG] [mixin/]: Instancing new MixinPlatformAgentDefault for ContainerHandleVirtual(fml:18c85)
[19dic2025 13:02:31.132] [main/DEBUG] [mixin/]: MixinPlatformAgentDefault accepted container ContainerHandleVirtual(fml:18c85)
[19dic2025 13:02:31.132] [main/DEBUG] [mixin/]: Instancing new MixinPlatformAgentDefault for ContainerHandleVirtual(fml:18c85)
[19dic2025 13:02:31.133] [main/DEBUG] [mixin/]: MixinPlatformAgentDefault accepted container ContainerHandleVirtual(fml:18c85)
[19dic2025 13:02:31.134] [main/DEBUG] [mixin/]: Processing prepare() for PlatformAgent[MixinPlatformAgentDefault:ContainerHandleVirtual(fml:18c85)]
[19dic2025 13:02:31.134] [main/DEBUG] [mixin/]: Processing prepare() for PlatformAgent[MixinPlatformAgentDefault:ContainerHandleVirtual(fml:18c85)]
[19dic2025 13:02:31.137] [main/INFO] [net.neoforged.fml.loading.FMLLoader/]: Loading FML Plugins:
[19dic2025 13:02:31.137] [main/INFO] [net.neoforged.fml.loading.FMLLoader/]:  - C:/Users/rosar/.gradle/caches/modules-2/files-2.1/net.neoforged/neoforge/21.11.11-beta/654be20fe29ed0cb40e16adff4881b592fb0b6a5/neoforge-21.11.11-beta-universal.jar > net.neoforged.neoforge-coremods-21.11.11-beta.jar
[19dic2025 13:02:31.145] [main/DEBUG] [net.neoforged.fml.util.ServiceLoaderUtil/CORE]: Found 2 implementations of IModLanguageLoader:
[19dic2025 13:02:31.146] [main/DEBUG] [net.neoforged.fml.util.ServiceLoaderUtil/CORE]: 	net.neoforged.fml.javafmlmod.FMLJavaModLanguageProvider from C:/Users/rosar/.gradle/caches/modules-2/files-2.1/net.neoforged.fancymodloader/loader/10.0.36/f72ab4d3e755fe736829883d90430a281527aca/loader-10.0.36.jar
[19dic2025 13:02:31.146] [main/DEBUG] [net.neoforged.fml.util.ServiceLoaderUtil/CORE]: 	net.neoforged.fml.mclanguageprovider.MinecraftModLanguageProvider from C:/Users/rosar/.gradle/caches/modules-2/files-2.1/net.neoforged.fancymodloader/loader/10.0.36/f72ab4d3e755fe736829883d90430a281527aca/loader-10.0.36.jar
[19dic2025 13:02:31.148] [main/DEBUG] [net.neoforged.fml.loading.LanguageProviderLoader/CORE]: Found language provider javafml, version 10.0
[19dic2025 13:02:31.151] [main/DEBUG] [net.neoforged.fml.loading.LanguageProviderLoader/CORE]: Found language provider minecraft, version 10.0
[19dic2025 13:02:31.164] [main/DEBUG] [net.neoforged.fml.loading.FMLLoader/]: Adding Access Transformer META-INF/accesstransformer.cfg in composite(filtered(jar(C:/Users/rosar/.gradle/caches/modules-2/files-2.1/net.neoforged/neoforge/21.11.11-beta/654be20fe29ed0cb40e16adff4881b592fb0b6a5/neoforge-21.11.11-beta-universal.jar)))
[19dic2025 13:02:31.210] [main/DEBUG] [net.neoforged.fml.loading.FMLLoader/]: Adding Access Transformer META-INF/accesstransformergenerated.cfg in composite(filtered(jar(C:/Users/rosar/.gradle/caches/modules-2/files-2.1/net.neoforged/neoforge/21.11.11-beta/654be20fe29ed0cb40e16adff4881b592fb0b6a5/neoforge-21.11.11-beta-universal.jar)))
[19dic2025 13:02:31.226] [main/DEBUG] [net.neoforged.fml.util.ServiceLoaderUtil/CORE]: Found 4 implementations of ClassProcessor:
[19dic2025 13:02:31.226] [main/DEBUG] [net.neoforged.fml.util.ServiceLoaderUtil/CORE]: 	[built-in] net.neoforged.fml.common.asm.AccessTransformerService from C:/Users/rosar/.gradle/caches/modules-2/files-2.1/net.neoforged.fancymodloader/loader/10.0.36/f72ab4d3e755fe736829883d90430a281527aca/loader-10.0.36.jar
[19dic2025 13:02:31.227] [main/DEBUG] [net.neoforged.fml.util.ServiceLoaderUtil/CORE]: 	[built-in] net.neoforged.fml.common.asm.enumextension.RuntimeEnumExtender from C:/Users/rosar/.gradle/caches/modules-2/files-2.1/net.neoforged.fancymodloader/loader/10.0.36/f72ab4d3e755fe736829883d90430a281527aca/loader-10.0.36.jar
[19dic2025 13:02:31.227] [main/DEBUG] [net.neoforged.fml.util.ServiceLoaderUtil/CORE]: 	[built-in] net.neoforged.fml.common.asm.SimpleProcessorsGroup from C:/Users/rosar/.gradle/caches/modules-2/files-2.1/net.neoforged.fancymodloader/loader/10.0.36/f72ab4d3e755fe736829883d90430a281527aca/loader-10.0.36.jar
[19dic2025 13:02:31.227] [main/DEBUG] [net.neoforged.fml.util.ServiceLoaderUtil/CORE]: 	[built-in] net.neoforged.fml.loading.mixin.FMLMixinClassProcessor from C:/Users/rosar/.gradle/caches/modules-2/files-2.1/net.neoforged.fancymodloader/loader/10.0.36/f72ab4d3e755fe736829883d90430a281527aca/loader-10.0.36.jar
[19dic2025 13:02:31.231] [main/DEBUG] [net.neoforged.fml.util.ServiceLoaderUtil/CORE]: Found 1 implementations of ClassProcessorProvider:
[19dic2025 13:02:31.231] [main/DEBUG] [net.neoforged.fml.util.ServiceLoaderUtil/CORE]: 	net.neoforged.neoforge.coremods.NeoForgeCoreMod from C:/Users/rosar/.gradle/caches/modules-2/files-2.1/net.neoforged/neoforge/21.11.11-beta/654be20fe29ed0cb40e16adff4881b592fb0b6a5/neoforge-21.11.11-beta-universal.jar > net.neoforged.neoforge-coremods-21.11.11-beta.jar
[19dic2025 13:02:31.306] [main/DEBUG] [net.neoforged.fml.loading.FMLLoader/]: Masking classpath elements: [D:/Programmazione/Mod/Gilded Armor/NEOFORGE/1.21.11/.gradle/repositories/ng_dummy_ng/net/neoforged/neoforge/21.11.11-beta/neoforge-21.11.11-beta.jar, C:/Users/rosar/.gradle/caches/modules-2/files-2.1/io.github.llamalad7/mixinextras-neoforge/0.5.0/d734b83ce6542bb70ea31755c1595b88992dbe65/mixinextras-neoforge-0.5.0.jar, D:/Programmazione/Mod/Gilded Armor/NEOFORGE/1.21.11/build/resources/main, C:/Users/rosar/.gradle/caches/modules-2/files-2.1/net.neoforged/neoforge/21.11.11-beta/654be20fe29ed0cb40e16adff4881b592fb0b6a5/neoforge-21.11.11-beta-universal.jar, D:/Programmazione/Mod/Gilded Armor/NEOFORGE/1.21.11/build/classes/java/main]
[19dic2025 13:02:31.322] [main/INFO] [net.neoforged.fml.loading.FMLLoader/]: Building game content classloader:
 - gildedarmor (composite(folder(D:/Programmazione/Mod/Gilded Armor/NEOFORGE/1.21.11/build/resources/main), folder(D:/Programmazione/Mod/Gilded Armor/NEOFORGE/1.21.11/build/classes/java/main)))
 - minecraft (composite(filtered(jar(D:/Programmazione/Mod/Gilded Armor/NEOFORGE/1.21.11/.gradle/repositories/ng_dummy_ng/net/neoforged/neoforge/21.11.11-beta/neoforge-21.11.11-beta.jar)), filtered(jar(D:/Programmazione/Mod/Gilded Armor/NEOFORGE/1.21.11/.gradle/repositories/ng_dummy_ng/net/neoforged/neoforge/21.11.11-beta/neoforge-21.11.11-beta.jar))))
 - mixinextras.neoforge (jar(C:/Users/rosar/.gradle/caches/modules-2/files-2.1/io.github.llamalad7/mixinextras-neoforge/0.5.0/d734b83ce6542bb70ea31755c1595b88992dbe65/mixinextras-neoforge-0.5.0.jar))
 - neoforge (composite(filtered(jar(C:/Users/rosar/.gradle/caches/modules-2/files-2.1/net.neoforged/neoforge/21.11.11-beta/654be20fe29ed0cb40e16adff4881b592fb0b6a5/neoforge-21.11.11-beta-universal.jar))))
 - net.neoforged.fml.generated (empty(VirtualJar/net.neoforged.fml.generated))
[19dic2025 13:02:31.344] [main/INFO] [net.neoforged.fml.loading.FMLLoader/]: Built game content classloader in 36ms
[19dic2025 13:02:31.436] [main/DEBUG] [mixin/]: Processing launch tasks for PlatformAgent[MixinPlatformAgentDefault:ContainerHandleVirtual(fml:18c85)]
[19dic2025 13:02:31.436] [main/DEBUG] [mixin/]: Processing launch tasks for PlatformAgent[MixinPlatformAgentDefault:ContainerHandleVirtual(fml:18c85)]
[19dic2025 13:02:31.437] [main/DEBUG] [mixin/]: Adding agents for Mixin Container composite(filtered(jar(C:/Users/rosar/.gradle/caches/modules-2/files-2.1/net.neoforged/neoforge/21.11.11-beta/654be20fe29ed0cb40e16adff4881b592fb0b6a5/neoforge-21.11.11-beta-universal.jar))) > jar(C:/Users/rosar/.gradle/caches/modules-2/files-2.1/net.neoforged/neoforge/21.11.11-beta/654be20fe29ed0cb40e16adff4881b592fb0b6a5/neoforge-21.11.11-beta-universal.jar > net.neoforged.neoforge-coremods-21.11.11-beta.jar)
[19dic2025 13:02:31.437] [main/DEBUG] [mixin/]: Adding mixin platform agents for container composite(filtered(jar(C:/Users/rosar/.gradle/caches/modules-2/files-2.1/net.neoforged/neoforge/21.11.11-beta/654be20fe29ed0cb40e16adff4881b592fb0b6a5/neoforge-21.11.11-beta-universal.jar))) > jar(C:/Users/rosar/.gradle/caches/modules-2/files-2.1/net.neoforged/neoforge/21.11.11-beta/654be20fe29ed0cb40e16adff4881b592fb0b6a5/neoforge-21.11.11-beta-universal.jar > net.neoforged.neoforge-coremods-21.11.11-beta.jar)
[19dic2025 13:02:31.437] [main/DEBUG] [mixin/]: Instancing new MixinPlatformAgentDefault for composite(filtered(jar(C:/Users/rosar/.gradle/caches/modules-2/files-2.1/net.neoforged/neoforge/21.11.11-beta/654be20fe29ed0cb40e16adff4881b592fb0b6a5/neoforge-21.11.11-beta-universal.jar))) > jar(C:/Users/rosar/.gradle/caches/modules-2/files-2.1/net.neoforged/neoforge/21.11.11-beta/654be20fe29ed0cb40e16adff4881b592fb0b6a5/neoforge-21.11.11-beta-universal.jar > net.neoforged.neoforge-coremods-21.11.11-beta.jar)
[19dic2025 13:02:31.437] [main/DEBUG] [mixin/]: MixinPlatformAgentDefault accepted container composite(filtered(jar(C:/Users/rosar/.gradle/caches/modules-2/files-2.1/net.neoforged/neoforge/21.11.11-beta/654be20fe29ed0cb40e16adff4881b592fb0b6a5/neoforge-21.11.11-beta-universal.jar))) > jar(C:/Users/rosar/.gradle/caches/modules-2/files-2.1/net.neoforged/neoforge/21.11.11-beta/654be20fe29ed0cb40e16adff4881b592fb0b6a5/neoforge-21.11.11-beta-universal.jar > net.neoforged.neoforge-coremods-21.11.11-beta.jar)
[19dic2025 13:02:31.438] [main/DEBUG] [mixin/]: Instancing new MixinPlatformAgentDefault for composite(filtered(jar(C:/Users/rosar/.gradle/caches/modules-2/files-2.1/net.neoforged/neoforge/21.11.11-beta/654be20fe29ed0cb40e16adff4881b592fb0b6a5/neoforge-21.11.11-beta-universal.jar))) > jar(C:/Users/rosar/.gradle/caches/modules-2/files-2.1/net.neoforged/neoforge/21.11.11-beta/654be20fe29ed0cb40e16adff4881b592fb0b6a5/neoforge-21.11.11-beta-universal.jar > net.neoforged.neoforge-coremods-21.11.11-beta.jar)
[19dic2025 13:02:31.438] [main/DEBUG] [mixin/]: MixinPlatformAgentDefault accepted container composite(filtered(jar(C:/Users/rosar/.gradle/caches/modules-2/files-2.1/net.neoforged/neoforge/21.11.11-beta/654be20fe29ed0cb40e16adff4881b592fb0b6a5/neoforge-21.11.11-beta-universal.jar))) > jar(C:/Users/rosar/.gradle/caches/modules-2/files-2.1/net.neoforged/neoforge/21.11.11-beta/654be20fe29ed0cb40e16adff4881b592fb0b6a5/neoforge-21.11.11-beta-universal.jar > net.neoforged.neoforge-coremods-21.11.11-beta.jar)
[19dic2025 13:02:31.438] [main/DEBUG] [mixin/]: Processing prepare() for PlatformAgent[MixinPlatformAgentDefault:composite(filtered(jar(C:/Users/rosar/.gradle/caches/modules-2/files-2.1/net.neoforged/neoforge/21.11.11-beta/654be20fe29ed0cb40e16adff4881b592fb0b6a5/neoforge-21.11.11-beta-universal.jar))) > jar(C:/Users/rosar/.gradle/caches/modules-2/files-2.1/net.neoforged/neoforge/21.11.11-beta/654be20fe29ed0cb40e16adff4881b592fb0b6a5/neoforge-21.11.11-beta-universal.jar > net.neoforged.neoforge-coremods-21.11.11-beta.jar)]
[19dic2025 13:02:31.439] [main/DEBUG] [mixin/]: Processing prepare() for PlatformAgent[MixinPlatformAgentDefault:composite(filtered(jar(C:/Users/rosar/.gradle/caches/modules-2/files-2.1/net.neoforged/neoforge/21.11.11-beta/654be20fe29ed0cb40e16adff4881b592fb0b6a5/neoforge-21.11.11-beta-universal.jar))) > jar(C:/Users/rosar/.gradle/caches/modules-2/files-2.1/net.neoforged/neoforge/21.11.11-beta/654be20fe29ed0cb40e16adff4881b592fb0b6a5/neoforge-21.11.11-beta-universal.jar > net.neoforged.neoforge-coremods-21.11.11-beta.jar)]
[19dic2025 13:02:31.439] [main/DEBUG] [mixin/]: Adding agents for Mixin Container jar(C:/Users/rosar/.gradle/caches/modules-2/files-2.1/io.github.llamalad7/mixinextras-neoforge/0.5.0/d734b83ce6542bb70ea31755c1595b88992dbe65/mixinextras-neoforge-0.5.0.jar)
[19dic2025 13:02:31.439] [main/DEBUG] [mixin/]: Adding mixin platform agents for container jar(C:/Users/rosar/.gradle/caches/modules-2/files-2.1/io.github.llamalad7/mixinextras-neoforge/0.5.0/d734b83ce6542bb70ea31755c1595b88992dbe65/mixinextras-neoforge-0.5.0.jar)
[19dic2025 13:02:31.439] [main/DEBUG] [mixin/]: Instancing new MixinPlatformAgentDefault for jar(C:/Users/rosar/.gradle/caches/modules-2/files-2.1/io.github.llamalad7/mixinextras-neoforge/0.5.0/d734b83ce6542bb70ea31755c1595b88992dbe65/mixinextras-neoforge-0.5.0.jar)
[19dic2025 13:02:31.440] [main/DEBUG] [mixin/]: MixinPlatformAgentDefault accepted container jar(C:/Users/rosar/.gradle/caches/modules-2/files-2.1/io.github.llamalad7/mixinextras-neoforge/0.5.0/d734b83ce6542bb70ea31755c1595b88992dbe65/mixinextras-neoforge-0.5.0.jar)
[19dic2025 13:02:31.440] [main/DEBUG] [mixin/]: Instancing new MixinPlatformAgentDefault for jar(C:/Users/rosar/.gradle/caches/modules-2/files-2.1/io.github.llamalad7/mixinextras-neoforge/0.5.0/d734b83ce6542bb70ea31755c1595b88992dbe65/mixinextras-neoforge-0.5.0.jar)
[19dic2025 13:02:31.440] [main/DEBUG] [mixin/]: MixinPlatformAgentDefault accepted container jar(C:/Users/rosar/.gradle/caches/modules-2/files-2.1/io.github.llamalad7/mixinextras-neoforge/0.5.0/d734b83ce6542bb70ea31755c1595b88992dbe65/mixinextras-neoforge-0.5.0.jar)
[19dic2025 13:02:31.440] [main/DEBUG] [mixin/]: Processing prepare() for PlatformAgent[MixinPlatformAgentDefault:jar(C:/Users/rosar/.gradle/caches/modules-2/files-2.1/io.github.llamalad7/mixinextras-neoforge/0.5.0/d734b83ce6542bb70ea31755c1595b88992dbe65/mixinextras-neoforge-0.5.0.jar)]
[19dic2025 13:02:31.440] [main/DEBUG] [mixin/]: Registering mixin config: mixinextras.init.mixins.json source=jar(C:/Users/rosar/.gradle/caches/modules-2/files-2.1/io.github.llamalad7/mixinextras-neoforge/0.5.0/d734b83ce6542bb70ea31755c1595b88992dbe65/mixinextras-neoforge-0.5.0.jar)
[19dic2025 13:02:31.443] [main/DEBUG] [mixin/]: Processing prepare() for PlatformAgent[MixinPlatformAgentDefault:jar(C:/Users/rosar/.gradle/caches/modules-2/files-2.1/io.github.llamalad7/mixinextras-neoforge/0.5.0/d734b83ce6542bb70ea31755c1595b88992dbe65/mixinextras-neoforge-0.5.0.jar)]
[19dic2025 13:02:31.444] [main/DEBUG] [mixin/]: Registering mixin config: mixinextras.init.mixins.json source=jar(C:/Users/rosar/.gradle/caches/modules-2/files-2.1/io.github.llamalad7/mixinextras-neoforge/0.5.0/d734b83ce6542bb70ea31755c1595b88992dbe65/mixinextras-neoforge-0.5.0.jar)
[19dic2025 13:02:31.444] [main/DEBUG] [mixin/]: inject() running with 3 agents
[19dic2025 13:02:31.444] [main/DEBUG] [mixin/]: Processing inject() for PlatformAgent[MixinPlatformAgentDefault:ContainerHandleVirtual(fml:18c85)]
[19dic2025 13:02:31.444] [main/DEBUG] [mixin/]: Processing inject() for PlatformAgent[MixinPlatformAgentDefault:ContainerHandleVirtual(fml:18c85)]
[19dic2025 13:02:31.444] [main/DEBUG] [mixin/]: Processing inject() for PlatformAgent[MixinPlatformAgentDefault:composite(filtered(jar(C:/Users/rosar/.gradle/caches/modules-2/files-2.1/net.neoforged/neoforge/21.11.11-beta/654be20fe29ed0cb40e16adff4881b592fb0b6a5/neoforge-21.11.11-beta-universal.jar))) > jar(C:/Users/rosar/.gradle/caches/modules-2/files-2.1/net.neoforged/neoforge/21.11.11-beta/654be20fe29ed0cb40e16adff4881b592fb0b6a5/neoforge-21.11.11-beta-universal.jar > net.neoforged.neoforge-coremods-21.11.11-beta.jar)]
[19dic2025 13:02:31.445] [main/DEBUG] [mixin/]: Processing inject() for PlatformAgent[MixinPlatformAgentDefault:composite(filtered(jar(C:/Users/rosar/.gradle/caches/modules-2/files-2.1/net.neoforged/neoforge/21.11.11-beta/654be20fe29ed0cb40e16adff4881b592fb0b6a5/neoforge-21.11.11-beta-universal.jar))) > jar(C:/Users/rosar/.gradle/caches/modules-2/files-2.1/net.neoforged/neoforge/21.11.11-beta/654be20fe29ed0cb40e16adff4881b592fb0b6a5/neoforge-21.11.11-beta-universal.jar > net.neoforged.neoforge-coremods-21.11.11-beta.jar)]
[19dic2025 13:02:31.445] [main/DEBUG] [mixin/]: Processing inject() for PlatformAgent[MixinPlatformAgentDefault:jar(C:/Users/rosar/.gradle/caches/modules-2/files-2.1/io.github.llamalad7/mixinextras-neoforge/0.5.0/d734b83ce6542bb70ea31755c1595b88992dbe65/mixinextras-neoforge-0.5.0.jar)]
[19dic2025 13:02:31.445] [main/DEBUG] [mixin/]: Processing inject() for PlatformAgent[MixinPlatformAgentDefault:jar(C:/Users/rosar/.gradle/caches/modules-2/files-2.1/io.github.llamalad7/mixinextras-neoforge/0.5.0/d734b83ce6542bb70ea31755c1595b88992dbe65/mixinextras-neoforge-0.5.0.jar)]
[19dic2025 13:02:31.451] [main/DEBUG] [mixin/]: Preparing mixins for MixinEnvironment[DEFAULT]
[19dic2025 13:02:31.452] [main/DEBUG] [mixin/]: Selecting config neoforge.mixins.json
[19dic2025 13:02:31.464] [main/DEBUG] [mixin/]: Selecting config mixinextras.init.mixins.json
[19dic2025 13:02:31.540] [main/DEBUG] [MixinExtras|Service/]: com.llamalad7.mixinextras.service.MixinExtrasServiceImpl(version=0.5.0) is taking over from null
[19dic2025 13:02:31.588] [main/DEBUG] [mixin/]: Registering new injector for @Inject with org.spongepowered.asm.mixin.injection.struct.CallbackInjectionInfo
[19dic2025 13:02:31.589] [main/DEBUG] [mixin/]: Registering new injector for @ModifyArg with org.spongepowered.asm.mixin.injection.struct.ModifyArgInjectionInfo
[19dic2025 13:02:31.590] [main/DEBUG] [mixin/]: Registering new injector for @ModifyArgs with org.spongepowered.asm.mixin.injection.struct.ModifyArgsInjectionInfo
[19dic2025 13:02:31.591] [main/DEBUG] [mixin/]: Registering new injector for @Redirect with org.spongepowered.asm.mixin.injection.struct.RedirectInjectionInfo
[19dic2025 13:02:31.592] [main/DEBUG] [mixin/]: Registering new injector for @ModifyVariable with org.spongepowered.asm.mixin.injection.struct.ModifyVariableInjectionInfo
[19dic2025 13:02:31.593] [main/DEBUG] [mixin/]: Registering new injector for @ModifyConstant with org.spongepowered.asm.mixin.injection.struct.ModifyConstantInjectionInfo
[19dic2025 13:02:31.603] [main/DEBUG] [mixin/]: Preparing neoforge.mixins.json (2)
[19dic2025 13:02:31.654] [main/DEBUG] [mixin/]: Preparing mixinextras.init.mixins.json (0)
[19dic2025 13:02:31.665] [main/DEBUG] [io.netty.util.internal.logging.InternalLoggerFactory/]: Using SLF4J as the default logging framework
[19dic2025 13:02:31.666] [main/DEBUG] [io.netty.util.ResourceLeakDetector/]: -Dio.netty.leakDetection.level: simple
[19dic2025 13:02:31.667] [main/DEBUG] [io.netty.util.ResourceLeakDetector/]: -Dio.netty.leakDetection.targetRecords: 4
[19dic2025 13:02:31.818] [main/INFO] [MixinExtras|Service/]: Initializing MixinExtras via com.llamalad7.mixinextras.service.MixinExtrasServiceImpl(version=0.5.0).
[19dic2025 13:02:31.820] [main/DEBUG] [mixin/]: Registering new injector for @SugarWrapper with com.llamalad7.mixinextras.sugar.impl.SugarWrapperInjectionInfo
[19dic2025 13:02:31.820] [main/DEBUG] [mixin/]: Registering new injector for @FactoryRedirectWrapper with com.llamalad7.mixinextras.wrapper.factory.FactoryRedirectWrapperInjectionInfo
[19dic2025 13:02:31.821] [main/DEBUG] [mixin/]: Registering new injector for @ExpressionInjectorWrapper with com.llamalad7.mixinextras.expression.impl.wrapper.ExpressionInjectorWrapperInjectionInfo
[19dic2025 13:02:31.830] [main/DEBUG] [mixin/]: Mixing MappedRegistryAccessor from neoforge.mixins.json into net.minecraft.core.MappedRegistry
[19dic2025 13:02:32.748] [main/DEBUG] [mixin/]: Mixing BlockEntityTypeAccessor from neoforge.mixins.json into net.minecraft.world.level.block.entity.BlockEntityType
[19dic2025 13:02:36.821] [main/INFO] [net.neoforged.neoforge.data.loading.DatagenModLoader/]: Initializing Data Gatherer for mods [gildedarmor]
[19dic2025 13:02:36.823] [main/DEBUG] [net.neoforged.fml.ModWorkManager/LOADING]: Using 16 threads for parallel mod-loading
[19dic2025 13:02:36.836] [main/DEBUG] [net.neoforged.fml.javafmlmod.FMLModContainer/LOADING]: Creating FMLModContainer instance for gildedarmor with entrypoints [com.blocklegend001.gildedarmor.GildedArmor]
[19dic2025 13:02:36.842] [main/DEBUG] [net.neoforged.fml.javafmlmod.FMLModContainer/LOADING]: Creating FMLModContainer instance for neoforge with entrypoints [net.neoforged.neoforge.common.NeoForgeMod, net.neoforged.neoforge.common.OnlyInWarningsHandler, net.neoforged.neoforge.client.ClientNeoForgeMod]
[19dic2025 13:02:36.868] [modloading-worker-0/DEBUG] [net.neoforged.fml.javafmlmod.AutomaticEventSubscriber/LOADING]: Attempting to inject @EventBusSubscriber classes into the eventbus for gildedarmor
[19dic2025 13:02:36.869] [modloading-worker-0/DEBUG] [net.neoforged.fml.javafmlmod.AutomaticEventSubscriber/LOADING]: Scanning class com.blocklegend001.gildedarmor.datagen.DataGenerators for @SubscribeEvent-annotated methods
[19dic2025 13:02:36.869] [modloading-worker-0/INFO] [net.neoforged.neoforge.common.NeoForgeMod/NEOFORGE-MOD]: NeoForge mod loading, version 21.11.11-beta, for MC 1.21.11
[19dic2025 13:02:36.872] [modloading-worker-0/DEBUG] [net.neoforged.fml.javafmlmod.AutomaticEventSubscriber/LOADING]: Subscribing method public static void com.blocklegend001.gildedarmor.datagen.DataGenerators.gatherData(net.neoforged.neoforge.data.event.GatherDataEvent$Client) to the event bus of mod gildedarmor
[19dic2025 13:02:36.900] [modloading-worker-0/DEBUG] [net.neoforged.fml.config.ConfigTracker/CONFIG]: Config file neoforge-server.toml for neoforge tracking
[19dic2025 13:02:36.902] [modloading-worker-0/DEBUG] [net.neoforged.fml.config.ConfigTracker/CONFIG]: Config file neoforge-common.toml for neoforge tracking
[19dic2025 13:02:36.988] [modloading-worker-0/DEBUG] [net.neoforged.fml.config.ConfigTracker/CONFIG]: Config file neoforge-client.toml for neoforge tracking
[19dic2025 13:02:37.009] [modloading-worker-0/DEBUG] [net.neoforged.fml.javafmlmod.AutomaticEventSubscriber/LOADING]: Attempting to inject @EventBusSubscriber classes into the eventbus for neoforge
[19dic2025 13:02:37.010] [modloading-worker-0/DEBUG] [net.neoforged.fml.javafmlmod.AutomaticEventSubscriber/LOADING]: Scanning class net.neoforged.neoforge.attachment.AttachmentInternals for @SubscribeEvent-annotated methods
[19dic2025 13:02:37.012] [modloading-worker-0/DEBUG] [net.neoforged.fml.javafmlmod.AutomaticEventSubscriber/LOADING]: Subscribing method public static void net.neoforged.neoforge.attachment.AttachmentInternals.onPlayerClone(net.neoforged.neoforge.event.entity.player.PlayerEvent$Clone) to the game event bus
[19dic2025 13:02:37.014] [modloading-worker-0/DEBUG] [net.neoforged.fml.javafmlmod.AutomaticEventSubscriber/LOADING]: Subscribing method public static void net.neoforged.neoforge.attachment.AttachmentInternals.onLivingConvert(net.neoforged.neoforge.event.entity.living.LivingConversionEvent$Post) to the game event bus
[19dic2025 13:02:37.014] [modloading-worker-0/DEBUG] [net.neoforged.fml.javafmlmod.AutomaticEventSubscriber/LOADING]: Scanning class net.neoforged.neoforge.attachment.AttachmentSync for @SubscribeEvent-annotated methods
[19dic2025 13:02:37.018] [modloading-worker-0/DEBUG] [net.neoforged.fml.javafmlmod.AutomaticEventSubscriber/LOADING]: Subscribing method public static void net.neoforged.neoforge.attachment.AttachmentSync.onChunkSent(net.neoforged.neoforge.event.level.ChunkWatchEvent$Sent) to the game event bus
[19dic2025 13:02:37.019] [modloading-worker-0/DEBUG] [net.neoforged.fml.javafmlmod.AutomaticEventSubscriber/LOADING]: Scanning class net.neoforged.neoforge.client.BlockEntityRenderBoundsDebugRenderer for @SubscribeEvent-annotated methods
[19dic2025 13:02:37.021] [modloading-worker-0/DEBUG] [net.neoforged.fml.javafmlmod.AutomaticEventSubscriber/LOADING]: Subscribing method public static void net.neoforged.neoforge.client.BlockEntityRenderBoundsDebugRenderer.onExtractLevelRenderState(net.neoforged.neoforge.client.event.ExtractLevelRenderStateEvent) to the game event bus
[19dic2025 13:02:37.022] [modloading-worker-0/DEBUG] [net.neoforged.fml.javafmlmod.AutomaticEventSubscriber/LOADING]: Subscribing method public static void net.neoforged.neoforge.client.BlockEntityRenderBoundsDebugRenderer.onRegisterClientCommands(net.neoforged.neoforge.client.event.RegisterClientCommandsEvent) to the game event bus
[19dic2025 13:02:37.022] [modloading-worker-0/DEBUG] [net.neoforged.fml.javafmlmod.AutomaticEventSubscriber/LOADING]: Subscribing method public static void net.neoforged.neoforge.client.BlockEntityRenderBoundsDebugRenderer.onRenderLevelStage(net.neoforged.neoforge.client.event.RenderLevelStageEvent$AfterEntities) to the game event bus
[19dic2025 13:02:37.022] [modloading-worker-0/DEBUG] [net.neoforged.fml.javafmlmod.AutomaticEventSubscriber/LOADING]: Scanning class net.neoforged.neoforge.client.NeoForgeRenderPipelines for @SubscribeEvent-annotated methods
[19dic2025 13:02:37.034] [modloading-worker-0/DEBUG] [net.neoforged.fml.javafmlmod.AutomaticEventSubscriber/LOADING]: Subscribing method static void net.neoforged.neoforge.client.NeoForgeRenderPipelines.registerPipelines(net.neoforged.neoforge.client.event.RegisterRenderPipelinesEvent) to the event bus of mod neoforge
[19dic2025 13:02:37.035] [modloading-worker-0/DEBUG] [net.neoforged.fml.javafmlmod.AutomaticEventSubscriber/LOADING]: Scanning class net.neoforged.neoforge.client.network.ClientPayloadHandler for @SubscribeEvent-annotated methods
[19dic2025 13:02:37.042] [modloading-worker-0/DEBUG] [net.neoforged.fml.javafmlmod.AutomaticEventSubscriber/LOADING]: Subscribing method private static void net.neoforged.neoforge.client.network.ClientPayloadHandler.register(net.neoforged.neoforge.client.network.event.RegisterClientPayloadHandlersEvent) to the event bus of mod neoforge
[19dic2025 13:02:37.043] [modloading-worker-0/DEBUG] [net.neoforged.fml.javafmlmod.AutomaticEventSubscriber/LOADING]: Scanning class net.neoforged.neoforge.common.MonsterRoomHooks for @SubscribeEvent-annotated methods
[19dic2025 13:02:37.043] [modloading-worker-0/DEBUG] [net.neoforged.fml.javafmlmod.AutomaticEventSubscriber/LOADING]: Subscribing method public static void net.neoforged.neoforge.common.MonsterRoomHooks.onDataMapsUpdated(net.neoforged.neoforge.registries.datamaps.DataMapsUpdatedEvent) to the game event bus
[19dic2025 13:02:37.044] [modloading-worker-0/DEBUG] [net.neoforged.fml.javafmlmod.AutomaticEventSubscriber/LOADING]: Scanning class net.neoforged.neoforge.model.data.ModelDataManager for @SubscribeEvent-annotated methods
[19dic2025 13:02:37.045] [modloading-worker-0/DEBUG] [net.neoforged.fml.javafmlmod.AutomaticEventSubscriber/LOADING]: Subscribing method public static void net.neoforged.neoforge.model.data.ModelDataManager.onChunkUnload(net.neoforged.neoforge.event.level.ChunkEvent$Unload) to the game event bus
[19dic2025 13:02:37.045] [modloading-worker-0/DEBUG] [net.neoforged.fml.javafmlmod.AutomaticEventSubscriber/LOADING]: Scanning class net.neoforged.neoforge.network.ConfigurationInitialization for @SubscribeEvent-annotated methods
[19dic2025 13:02:37.047] [modloading-worker-0/DEBUG] [net.neoforged.fml.javafmlmod.AutomaticEventSubscriber/LOADING]: Subscribing method private static void net.neoforged.neoforge.network.ConfigurationInitialization.configureModdedClient(net.neoforged.neoforge.network.event.RegisterConfigurationTasksEvent) to the event bus of mod neoforge
[19dic2025 13:02:37.048] [modloading-worker-0/DEBUG] [net.neoforged.fml.javafmlmod.AutomaticEventSubscriber/LOADING]: Scanning class net.neoforged.neoforge.network.NetworkInitialization for @SubscribeEvent-annotated methods
[19dic2025 13:02:37.048] [modloading-worker-0/DEBUG] [net.neoforged.fml.javafmlmod.AutomaticEventSubscriber/LOADING]: Subscribing method private static void net.neoforged.neoforge.network.NetworkInitialization.register(net.neoforged.neoforge.network.event.RegisterPayloadHandlersEvent) to the event bus of mod neoforge
[19dic2025 13:02:37.049] [modloading-worker-0/DEBUG] [net.neoforged.fml.javafmlmod.AutomaticEventSubscriber/LOADING]: Scanning class net.neoforged.neoforge.network.filters.GenericPacketSplitter for @SubscribeEvent-annotated methods
[19dic2025 13:02:37.062] [modloading-worker-0/DEBUG] [io.netty.util.internal.PlatformDependent0/]: Java version: 21
[19dic2025 13:02:37.062] [modloading-worker-0/DEBUG] [io.netty.util.internal.PlatformDependent0/]: -Dio.netty.noUnsafe: false
[19dic2025 13:02:37.062] [modloading-worker-0/DEBUG] [io.netty.util.internal.PlatformDependent0/]: sun.misc.Unsafe.theUnsafe: available
[19dic2025 13:02:37.064] [modloading-worker-0/DEBUG] [io.netty.util.internal.PlatformDependent0/]: sun.misc.Unsafe base methods: all available
[19dic2025 13:02:37.064] [modloading-worker-0/DEBUG] [io.netty.util.internal.PlatformDependent0/]: java.nio.Buffer.address: available
[19dic2025 13:02:37.065] [modloading-worker-0/DEBUG] [io.netty.util.internal.PlatformDependent0/]: java.nio.Bits.unaligned: available, true
[19dic2025 13:02:37.065] [modloading-worker-0/DEBUG] [io.netty.util.internal.PlatformDependent0/]: java.nio.DirectByteBuffer.<init>(long, {int,long}): unavailable
[19dic2025 13:02:37.065] [modloading-worker-0/DEBUG] [io.netty.util.internal.PlatformDependent/]: sun.misc.Unsafe: available
[19dic2025 13:02:37.066] [modloading-worker-0/DEBUG] [io.netty.util.internal.PlatformDependent/]: -Dio.netty.tmpdir: C:\Users\rosar\AppData\Local\Temp (java.io.tmpdir)
[19dic2025 13:02:37.066] [modloading-worker-0/DEBUG] [io.netty.util.internal.PlatformDependent/]: -Dio.netty.bitMode: 64 (sun.arch.data.model)
[19dic2025 13:02:37.066] [modloading-worker-0/DEBUG] [io.netty.util.internal.PlatformDependent/]: Platform: Windows
[19dic2025 13:02:37.066] [modloading-worker-0/DEBUG] [io.netty.util.internal.PlatformDependent/]: -Dio.netty.maxDirectMemory: -1 bytes
[19dic2025 13:02:37.067] [modloading-worker-0/DEBUG] [io.netty.util.internal.CleanerJava9/]: java.nio.ByteBuffer.cleaner(): available
[19dic2025 13:02:37.067] [modloading-worker-0/DEBUG] [io.netty.util.internal.PlatformDependent/]: -Dio.netty.noPreferDirect: false
[19dic2025 13:02:37.074] [modloading-worker-0/DEBUG] [io.netty.util.internal.PlatformDependent/]: -Dio.netty.jfr.enabled: true
[19dic2025 13:02:37.078] [modloading-worker-0/DEBUG] [io.netty.buffer.AbstractByteBuf/]: -Dio.netty.buffer.checkAccessible: true
[19dic2025 13:02:37.078] [modloading-worker-0/DEBUG] [io.netty.buffer.AbstractByteBuf/]: -Dio.netty.buffer.checkBounds: true
[19dic2025 13:02:37.079] [modloading-worker-0/DEBUG] [io.netty.util.ResourceLeakDetectorFactory/]: Loaded default ResourceLeakDetector: io.netty.util.ResourceLeakDetector@cdeb222
[19dic2025 13:02:37.084] [modloading-worker-0/DEBUG] [io.netty.util.internal.InternalThreadLocalMap/]: -Dio.netty.threadLocalMap.stringBuilder.initialSize: 1024
[19dic2025 13:02:37.084] [modloading-worker-0/DEBUG] [io.netty.util.internal.InternalThreadLocalMap/]: -Dio.netty.threadLocalMap.stringBuilder.maxSize: 4096
[19dic2025 13:02:37.085] [modloading-worker-0/DEBUG] [io.netty.buffer.AdaptiveByteBufAllocator/]: -Dio.netty.allocator.useCachedMagazinesForNonEventLoopThreads: false
[19dic2025 13:02:37.092] [modloading-worker-0/DEBUG] [io.netty.util.Recycler/]: -Dio.netty.recycler.maxCapacityPerThread: 4096
[19dic2025 13:02:37.093] [modloading-worker-0/DEBUG] [io.netty.util.Recycler/]: -Dio.netty.recycler.ratio: 8
[19dic2025 13:02:37.093] [modloading-worker-0/DEBUG] [io.netty.util.Recycler/]: -Dio.netty.recycler.chunkSize: 32
[19dic2025 13:02:37.093] [modloading-worker-0/DEBUG] [io.netty.util.Recycler/]: -Dio.netty.recycler.blocking: false
[19dic2025 13:02:37.093] [modloading-worker-0/DEBUG] [io.netty.util.Recycler/]: -Dio.netty.recycler.batchFastThreadLocalOnly: true
[19dic2025 13:02:37.095] [modloading-worker-0/DEBUG] [io.netty.buffer.ByteBufUtil/]: -Dio.netty.allocator.type: adaptive
[19dic2025 13:02:37.095] [modloading-worker-0/DEBUG] [io.netty.buffer.ByteBufUtil/]: -Dio.netty.threadLocalDirectBufferSize: 0
[19dic2025 13:02:37.095] [modloading-worker-0/DEBUG] [io.netty.buffer.ByteBufUtil/]: -Dio.netty.maxThreadLocalCharBufferSize: 16384
[19dic2025 13:02:37.098] [modloading-worker-0/DEBUG] [net.neoforged.fml.javafmlmod.AutomaticEventSubscriber/LOADING]: Subscribing method private static void net.neoforged.neoforge.network.filters.GenericPacketSplitter.register(net.neoforged.neoforge.network.event.RegisterPayloadHandlersEvent) to the event bus of mod neoforge
[19dic2025 13:02:37.998] [main/INFO] [net.minecraft.data.DataGenerator/]: Starting provider: Tags for minecraft:block mod id gildedarmor
[19dic2025 13:02:38.011] [main/INFO] [net.minecraft.data.DataGenerator/]: Tags for minecraft:block mod id gildedarmor finished after 9 ms
[19dic2025 13:02:38.013] [main/INFO] [net.minecraft.data.DataGenerator/]: Starting provider: Tags for minecraft:item mod id vanilla
[19dic2025 13:02:38.053] [main/INFO] [net.minecraft.data.DataGenerator/]: Tags for minecraft:item mod id vanilla finished after 39 ms
[19dic2025 13:02:38.054] [main/INFO] [net.minecraft.data.DataGenerator/]: Starting provider: Model Definitions - gildedarmor
[19dic2025 13:02:38.165] [main/INFO] [net.minecraft.data.DataGenerator/]: Model Definitions - gildedarmor finished after 111 ms
[19dic2025 13:02:38.166] [main/INFO] [net.minecraft.data.DataGenerator/]: Starting provider: Equipment Asset Definitions
[19dic2025 13:02:38.209] [main/INFO] [net.minecraft.data.DataGenerator/]: Equipment Asset Definitions finished after 42 ms
[19dic2025 13:02:38.209] [main/INFO] [net.minecraft.data.DataGenerator/]: All providers took: 211 ms
[19dic2025 13:02:38.221] [main/INFO] [net.minecraft.data.HashCache/]: Caching: total files: 62, old count: 0, new count: 63, removed stale: 0, written: 62
[19dic2025 13:02:38.221] [main/INFO] [net.neoforged.fml.loading.FMLLoader/]: Closing FML Loader 6c5f52f6
[19dic2025 13:02:38.221] [main/INFO] [net.neoforged.fml.ModLoader/]: Clearing ModLoader
