[00:00:46] [main/INFO]: ModLauncher running: args [--mod, gildedarmor, --all, --output, D:\Programmazione\Mod\Gilded Armor\NEOFORGE\1.21.6\src\generated\resources, --existing, D:\Programmazione\Mod\Gilded Armor\NEOFORGE\1.21.6\src\main\resources, --launchTarget, neoforgeclientdatadev, --assetIndex, asset-index, --assetsDir, C:\Users\rosar\.gradle\caches\minecraft\assets, --fml.fmlVersion, 8.0.5, --fml.mcVersion, 1.21.6, --fml.neoForgeVersion, 21.6.19-beta, --fml.neoFormVersion, 20250617.151856]
[00:00:46] [main/INFO]: JVM identified as Amazon.com Inc. OpenJDK 64-Bit Server VM 21.0.6+7-LTS
[00:00:46] [main/INFO]: ModLauncher 11.0.5+main.901c6ea8 starting: java version 21.0.6 by Amazon.com Inc.; OS Windows 11 arch amd64 version 10.0
[00:00:46] [main/WARN]: Configuration file D:\Programmazione\Mod\Gilded Armor\NEOFORGE\1.21.6\runs\clientData\config\fml.toml is not correct. Correcting
[00:00:46] [main/WARN]: Incorrect key [earlyLoadingScreenTheme] was corrected from null to 
[00:00:46] [main/WARN]: Incorrect key [earlyWindowFBScale] was corrected from 1 to null
[00:00:46] [main/WARN]: Incorrect key [earlyWindowSquir] was corrected from false to null
[00:00:46] [main/INFO]: ImmediateWindowProvider not loading because launch target is neoforgeclientdatadev
[00:00:46] [main/INFO]: SpongePowered MIXIN Subsystem Version=0.8.7 Source=union:/C:/Users/rosar/.gradle/caches/modules-2/files-2.1/net.fabricmc/sponge-mixin/0.15.2+mixin.0.8.7/2af2f021d8e02a0220dc27a7a72b4666d66d44ca/sponge-mixin-0.15.2+mixin.0.8.7.jar%23167!/ Service=ModLauncher Env=CLIENT
[00:00:46] [main/INFO]: Found mod file "neoforge-21.6.19-beta.jar" [locator: neoforge devenv provider ([D:\Programmazione\Mod\Gilded Armor\NEOFORGE\1.21.6\.gradle\repositories\ng_dummy_ng\net\neoforged\neoforge\21.6.19-beta\neoforge-21.6.19-beta.jar])]
[00:00:46] [main/INFO]: Found mod file "neoforge-21.6.19-beta.jar" [locator: neoforge devenv provider ([D:\Programmazione\Mod\Gilded Armor\NEOFORGE\1.21.6\.gradle\repositories\ng_dummy_ng\net\neoforged\neoforge\21.6.19-beta\neoforge-21.6.19-beta.jar])]
[00:00:46] [main/INFO]: Found mod file "main" [locator: userdev mods and services, reader: mod manifest]
[00:00:46] [main/INFO]: Found mod file "neoforge-21.6.19-beta.jar" [locator: userdev mods and services, reader: mod manifest]
[00:00:46] [main/INFO]: Found gamelibrary file "mixinextras-neoforge-0.4.1.jar" [locator: userdev mods and services, reader: mod manifest]
[00:00:47] [main/WARN]: Attempted to select a dependency jar for JarJar which was passed in as source: library:mixinextras.neoforge. Using Mod File: C:\Users\rosar\.gradle\caches\modules-2\files-2.1\io.github.llamalad7\mixinextras-neoforge\0.4.1\eff97772ecd0dcf8e52cdbafd3b3ccec425f8314\mixinextras-neoforge-0.4.1.jar
[00:00:47] [main/INFO]: Found 1 dependencies adding them to mods collection
[00:00:47] [main/INFO]: Found library file "net.neoforged.neoforge-coremods-21.6.19-beta.jar" [parent: neoforge-21.6.19-beta.jar, locator: jarinjar, reader: mod manifest]
[00:00:47] [main/INFO]: 
     Mod List:
		Name Version (Mod Id)

		GildedArmor 1.21.6-0.1 (gildedarmor)
		Minecraft 1.21.6 (minecraft)
		NeoForge 21.6.19-beta (neoforge)
[00:00:47] [main/INFO]: Launching target 'neoforgeclientdatadev' with arguments [--assetsDir, C:\Users\rosar\.gradle\caches\minecraft\assets, --mod, gildedarmor, --all, --output, D:\Programmazione\Mod\Gilded Armor\NEOFORGE\1.21.6\src\generated\resources, --existing, D:\Programmazione\Mod\Gilded Armor\NEOFORGE\1.21.6\src\main\resources, --assetIndex, asset-index]
[27giu2025 00:00:48.303] [main/INFO] [MixinExtras|Service/]: Initializing MixinExtras via com.llamalad7.mixinextras.service.MixinExtrasServiceImpl(version=0.4.1).
[27giu2025 00:00:52.712] [main/INFO] [net.neoforged.neoforge.data.loading.DatagenModLoader/]: Initializing Data Gatherer for mods [gildedarmor]
[27giu2025 00:00:52.766] [modloading-worker-0/INFO] [net.neoforged.neoforge.common.NeoForgeMod/NEOFORGE-MOD]: NeoForge mod loading, version 21.6.19-beta, for MC 1.21.6
[27giu2025 00:00:53.116] [main/WARN] [net.minecraft.server.packs.VanillaPackResourcesBuilder/]: Assets URL 'union:/D:/Programmazione/Mod/Gilded%20Armor/NEOFORGE/1.21.6/.gradle/repositories/ng_dummy_ng/net/neoforged/neoforge/21.6.19-beta/neoforge-21.6.19-beta.jar%23222!/assets/.mcassetsroot' uses unexpected schema
[27giu2025 00:00:53.117] [main/WARN] [net.minecraft.server.packs.VanillaPackResourcesBuilder/]: Assets URL 'union:/D:/Programmazione/Mod/Gilded%20Armor/NEOFORGE/1.21.6/.gradle/repositories/ng_dummy_ng/net/neoforged/neoforge/21.6.19-beta/neoforge-21.6.19-beta.jar%23222!/data/.mcassetsroot' uses unexpected schema
[27giu2025 00:00:53.410] [main/INFO] [net.minecraft.data.DataGenerator/]: Starting provider: Tags for minecraft:block mod id gildedarmor
[27giu2025 00:00:53.412] [main/INFO] [net.minecraft.data.DataGenerator/]: Tags for minecraft:block mod id gildedarmor finished after 1 ms
[27giu2025 00:00:53.412] [main/INFO] [net.minecraft.data.DataGenerator/]: Starting provider: Tags for minecraft:item mod id vanilla
[27giu2025 00:00:53.425] [main/INFO] [net.minecraft.data.DataGenerator/]: Tags for minecraft:item mod id vanilla finished after 12 ms
[27giu2025 00:00:53.425] [main/INFO] [net.minecraft.data.DataGenerator/]: Starting provider: Model Definitions - gildedarmor
[27giu2025 00:00:53.488] [main/INFO] [net.minecraft.data.DataGenerator/]: Model Definitions - gildedarmor finished after 62 ms
[27giu2025 00:00:53.489] [main/INFO] [net.minecraft.data.DataGenerator/]: Starting provider: Equipment Asset Definitions
[27giu2025 00:00:53.502] [main/INFO] [net.minecraft.data.DataGenerator/]: Equipment Asset Definitions finished after 13 ms
[27giu2025 00:00:53.503] [main/INFO] [net.minecraft.data.DataGenerator/]: All providers took: 92 ms
[27giu2025 00:00:53.512] [main/INFO] [net.minecraft.data.HashCache/]: Caching: total files: 63, old count: 53, new count: 63, removed stale: 1, written: 9
