[19dic2025 13:02:52.960] [main/INFO] [net.neoforged.fml.startup.Entrypoint/]: JVM Uptime at startup: 117ms
[19dic2025 13:02:52.969] [main/INFO] [net.neoforged.fml.loading.FMLLoader/]: Starting FancyModLoader version 10.0.36 (CLIENT in DEV)
[19dic2025 13:02:52.970] [main/INFO] [net.neoforged.fml.loading.FMLLoader/]: Game directory: D:\Programmazione\Mod\Gilded Armor\NEOFORGE\1.21.11\runs\client
[19dic2025 13:02:52.973] [main/DEBUG] [net.neoforged.fml.loading.FMLPaths/CORE]: Path GAMEDIR is D:\Programmazione\Mod\Gilded Armor\NEOFORGE\1.21.11\runs\client
[19dic2025 13:02:52.973] [main/DEBUG] [net.neoforged.fml.loading.FMLPaths/CORE]: Path JIJ_CACHEDIR is D:\Programmazione\Mod\Gilded Armor\NEOFORGE\1.21.11\runs\client\.cache\jij
[19dic2025 13:02:52.974] [main/DEBUG] [net.neoforged.fml.loading.FMLPaths/CORE]: Path MODSDIR is D:\Programmazione\Mod\Gilded Armor\NEOFORGE\1.21.11\runs\client\mods
[19dic2025 13:02:52.974] [main/DEBUG] [net.neoforged.fml.loading.FMLPaths/CORE]: Path CONFIGDIR is D:\Programmazione\Mod\Gilded Armor\NEOFORGE\1.21.11\runs\client\config
[19dic2025 13:02:52.974] [main/DEBUG] [net.neoforged.fml.loading.FMLPaths/CORE]: Path FMLCONFIG is D:\Programmazione\Mod\Gilded Armor\NEOFORGE\1.21.11\runs\client\config\fml.toml
[19dic2025 13:02:53.027] [ForkJoinPool.commonPool-worker-9/DEBUG] [net.neoforged.fml.loading.EarlyServiceDiscovery/]: C:\Users\rosar\.gradle\caches\modules-2\files-2.1\net.neoforged.fancymodloader\earlydisplay\10.0.36\dbd0e11d545443f602addede111c39d9639708f9\earlydisplay-10.0.36.jar contains early service net.neoforged.neoforgespi.earlywindow.ImmediateWindowProvider
[19dic2025 13:02:53.030] [ForkJoinPool.commonPool-worker-4/DEBUG] [net.neoforged.fml.loading.EarlyServiceDiscovery/]: C:\Users\rosar\.gradle\caches\modules-2\files-2.1\net.neoforged.fancymodloader\loader\10.0.36\f72ab4d3e755fe736829883d90430a281527aca\loader-10.0.36.jar contains early service net.neoforged.neoforgespi.locating.IModFileReader
[19dic2025 13:02:53.042] [ForkJoinPool.commonPool-worker-9/DEBUG] [net.neoforged.fml.loading.moddiscovery.ModFile/LOADING]: Loading mod file C:\Users\rosar\.gradle\caches\modules-2\files-2.1\net.neoforged.fancymodloader\earlydisplay\10.0.36\dbd0e11d545443f602addede111c39d9639708f9\earlydisplay-10.0.36.jar with languages []
[19dic2025 13:02:53.042] [ForkJoinPool.commonPool-worker-4/DEBUG] [net.neoforged.fml.loading.moddiscovery.ModFile/LOADING]: Loading mod file C:\Users\rosar\.gradle\caches\modules-2\files-2.1\net.neoforged.fancymodloader\loader\10.0.36\f72ab4d3e755fe736829883d90430a281527aca\loader-10.0.36.jar with languages []
[19dic2025 13:02:53.044] [main/INFO] [net.neoforged.fml.loading.EarlyServiceDiscovery/]: Found 2 early service jars (out of 108) in 27ms
[19dic2025 13:02:53.044] [main/INFO] [net.neoforged.fml.loading.FMLLoader/]: Loading FML Early Services:
[19dic2025 13:02:53.046] [main/INFO] [net.neoforged.fml.loading.FMLLoader/]:  - C:/Users/rosar/.gradle/caches/modules-2/files-2.1/net.neoforged.fancymodloader/earlydisplay/10.0.36/dbd0e11d545443f602addede111c39d9639708f9/earlydisplay-10.0.36.jar
[19dic2025 13:02:53.046] [main/INFO] [net.neoforged.fml.loading.FMLLoader/]:  - C:/Users/rosar/.gradle/caches/modules-2/files-2.1/net.neoforged.fancymodloader/loader/10.0.36/f72ab4d3e755fe736829883d90430a281527aca/loader-10.0.36.jar
[19dic2025 13:02:53.052] [main/DEBUG] [net.neoforged.fml.util.ServiceLoaderUtil/CORE]: Found 0 implementations of GraphicsBootstrapper:
[19dic2025 13:02:53.052] [main/INFO] [net.neoforged.fml.loading.ImmediateWindowHandler/]: Loading ImmediateWindowProvider fmlearlywindow
[19dic2025 13:02:53.057] [main/DEBUG] [net.neoforged.fml.util.ServiceLoaderUtil/CORE]: Found 1 implementations of ImmediateWindowProvider:
[19dic2025 13:02:53.058] [main/DEBUG] [net.neoforged.fml.util.ServiceLoaderUtil/CORE]: 	net.neoforged.fml.earlydisplay.DisplayWindow from C:/Users/rosar/.gradle/caches/modules-2/files-2.1/net.neoforged.fancymodloader/earlydisplay/10.0.36/dbd0e11d545443f602addede111c39d9639708f9/earlydisplay-10.0.36.jar
[19dic2025 13:02:53.092] [main/DEBUG] [net.neoforged.fml.earlydisplay.theme.ThemeLoader/]: Loading built-in theme default
[19dic2025 13:02:53.669] [ForkJoinPool.commonPool-worker-12/DEBUG] [net.neoforged.fml.util.ServiceLoaderUtil/CORE]: Found 4 implementations of IModFileCandidateLocator:
[19dic2025 13:02:53.670] [ForkJoinPool.commonPool-worker-12/DEBUG] [net.neoforged.fml.util.ServiceLoaderUtil/CORE]: 	    1000 - [built-in] net.neoforged.fml.loading.moddiscovery.locators.GameLocator from C:/Users/rosar/.gradle/caches/modules-2/files-2.1/net.neoforged.fancymodloader/loader/10.0.36/f72ab4d3e755fe736829883d90430a281527aca/loader-10.0.36.jar
[19dic2025 13:02:53.671] [ForkJoinPool.commonPool-worker-12/DEBUG] [net.neoforged.fml.util.ServiceLoaderUtil/CORE]: 	    1000 - [built-in] net.neoforged.fml.loading.moddiscovery.locators.InDevFolderLocator from C:/Users/rosar/.gradle/caches/modules-2/files-2.1/net.neoforged.fancymodloader/loader/10.0.36/f72ab4d3e755fe736829883d90430a281527aca/loader-10.0.36.jar
[19dic2025 13:02:53.671] [ForkJoinPool.commonPool-worker-12/DEBUG] [net.neoforged.fml.util.ServiceLoaderUtil/CORE]: 	    1000 - [built-in] net.neoforged.fml.loading.moddiscovery.locators.InDevJarLocator from C:/Users/rosar/.gradle/caches/modules-2/files-2.1/net.neoforged.fancymodloader/loader/10.0.36/f72ab4d3e755fe736829883d90430a281527aca/loader-10.0.36.jar
[19dic2025 13:02:53.672] [ForkJoinPool.commonPool-worker-12/DEBUG] [net.neoforged.fml.util.ServiceLoaderUtil/CORE]: 	       0 - [built-in] net.neoforged.fml.loading.moddiscovery.locators.ModsFolderLocator from C:/Users/rosar/.gradle/caches/modules-2/files-2.1/net.neoforged.fancymodloader/loader/10.0.36/f72ab4d3e755fe736829883d90430a281527aca/loader-10.0.36.jar
[19dic2025 13:02:53.675] [ForkJoinPool.commonPool-worker-12/DEBUG] [net.neoforged.fml.util.ServiceLoaderUtil/CORE]: Found 2 implementations of IModFileReader:
[19dic2025 13:02:53.676] [ForkJoinPool.commonPool-worker-12/DEBUG] [net.neoforged.fml.util.ServiceLoaderUtil/CORE]: 	       0 - net.neoforged.fml.loading.moddiscovery.readers.JarModsDotTomlModFileReader from C:/Users/rosar/.gradle/caches/modules-2/files-2.1/net.neoforged.fancymodloader/loader/10.0.36/f72ab4d3e755fe736829883d90430a281527aca/loader-10.0.36.jar
[19dic2025 13:02:53.676] [ForkJoinPool.commonPool-worker-12/DEBUG] [net.neoforged.fml.util.ServiceLoaderUtil/CORE]: 	   -1000 - net.neoforged.fml.loading.moddiscovery.readers.NestedLibraryModReader from C:/Users/rosar/.gradle/caches/modules-2/files-2.1/net.neoforged.fancymodloader/loader/10.0.36/f72ab4d3e755fe736829883d90430a281527aca/loader-10.0.36.jar
[19dic2025 13:02:53.679] [ForkJoinPool.commonPool-worker-12/DEBUG] [net.neoforged.fml.util.ServiceLoaderUtil/CORE]: Found 1 implementations of IDependencyLocator:
[19dic2025 13:02:53.679] [ForkJoinPool.commonPool-worker-12/DEBUG] [net.neoforged.fml.util.ServiceLoaderUtil/CORE]: 	       0 - net.neoforged.fml.loading.moddiscovery.locators.JarInJarDependencyLocator from C:/Users/rosar/.gradle/caches/modules-2/files-2.1/net.neoforged.fancymodloader/loader/10.0.36/f72ab4d3e755fe736829883d90430a281527aca/loader-10.0.36.jar
[19dic2025 13:02:53.711] [ForkJoinPool.commonPool-worker-12/DEBUG] [net.neoforged.fml.loading.moddiscovery.locators.RequiredSystemFiles/]: Found NeoForge MANIFEST.MF in jar(C:/Users/rosar/.gradle/caches/modules-2/files-2.1/net.neoforged/neoforge/21.11.11-beta/654be20fe29ed0cb40e16adff4881b592fb0b6a5/neoforge-21.11.11-beta-universal.jar)
[19dic2025 13:02:53.713] [ForkJoinPool.commonPool-worker-12/INFO] [net.neoforged.fml.loading.moddiscovery.locators.GameLocator/]: Detected a joined NeoForge and Minecraft configuration. Applying filtering...
[19dic2025 13:02:53.798] [ForkJoinPool.commonPool-worker-12/DEBUG] [net.neoforged.fml.loading.moddiscovery.ModFileInfo/LOADING]: Found valid mod file neoforge-21.11.11-beta.jar with {minecraft} mods - versions {1.21.11}
[19dic2025 13:02:53.800] [ForkJoinPool.commonPool-worker-12/DEBUG] [net.neoforged.fml.loading.moddiscovery.ModFile/LOADING]: Loading mod file D:\Programmazione\Mod\Gilded Armor\NEOFORGE\1.21.11\.gradle\repositories\ng_dummy_ng\net\neoforged\neoforge\21.11.11-beta\neoforge-21.11.11-beta.jar with languages [LanguageSpec[languageName=minecraft, acceptedVersions=1]]
[19dic2025 13:02:53.801] [ForkJoinPool.commonPool-worker-12/DEBUG] [net.neoforged.fml.loading.moddiscovery.ModFileParser/LOADING]: Considering mod file candidate C:\Users\rosar\.gradle\caches\modules-2\files-2.1\net.neoforged\neoforge\21.11.11-beta\654be20fe29ed0cb40e16adff4881b592fb0b6a5\neoforge-21.11.11-beta-universal.jar
[19dic2025 13:02:53.806] [ForkJoinPool.commonPool-worker-12/DEBUG] [net.neoforged.fml.loading.moddiscovery.ModFileInfo/LOADING]: Found valid mod file neoforge-21.11.11-beta-universal.jar with {neoforge} mods - versions {21.11.11-beta}
[19dic2025 13:02:53.806] [ForkJoinPool.commonPool-worker-12/DEBUG] [net.neoforged.fml.loading.moddiscovery.ModFile/LOADING]: Loading mod file C:\Users\rosar\.gradle\caches\modules-2\files-2.1\net.neoforged\neoforge\21.11.11-beta\654be20fe29ed0cb40e16adff4881b592fb0b6a5\neoforge-21.11.11-beta-universal.jar with languages [LanguageSpec[languageName=javafml, acceptedVersions=[3,]]]
[19dic2025 13:02:53.816] [ForkJoinPool.commonPool-worker-12/DEBUG] [net.neoforged.fml.loading.moddiscovery.ModFile/LOADING]: Found mixin config MixinConfig[config=neoforge.mixins.json, requiredMods=[], behaviorVersion=null]
[19dic2025 13:02:53.818] [ForkJoinPool.commonPool-worker-12/INFO] [net.neoforged.fml.loading.moddiscovery.locators.InDevFolderLocator/CORE]: Got mod coordinates 1.21.11%%D:\Programmazione\Mod\Gilded Armor\NEOFORGE\1.21.11\build\resources\main;1.21.11%%D:\Programmazione\Mod\Gilded Armor\NEOFORGE\1.21.11\build\classes\java\main from env
[19dic2025 13:02:53.824] [ForkJoinPool.commonPool-worker-12/DEBUG] [net.neoforged.fml.loading.moddiscovery.ModFileParser/LOADING]: Considering mod file candidate D:\Programmazione\Mod\Gilded Armor\NEOFORGE\1.21.11\build\resources\main
[19dic2025 13:02:53.833] [ForkJoinPool.commonPool-worker-12/DEBUG] [net.neoforged.fml.loading.moddiscovery.ModFileInfo/LOADING]: Found valid mod file main with {gildedarmor} mods - versions {1.21.11-0.1}
[19dic2025 13:02:53.833] [ForkJoinPool.commonPool-worker-12/DEBUG] [net.neoforged.fml.loading.moddiscovery.ModFile/LOADING]: Loading mod file D:\Programmazione\Mod\Gilded Armor\NEOFORGE\1.21.11\build\resources\main with languages [LanguageSpec[languageName=javafml, acceptedVersions=[4,)]]
[19dic2025 13:02:53.835] [ForkJoinPool.commonPool-worker-12/DEBUG] [net.neoforged.fml.loading.moddiscovery.ModDiscoverer/]: Skipping D:\Programmazione\Mod\Gilded Armor\NEOFORGE\1.21.11\.gradle\repositories\ng_dummy_ng\net\neoforged\neoforge\21.11.11-beta\neoforge-21.11.11-beta.jar because it was already located earlier
[19dic2025 13:02:53.836] [ForkJoinPool.commonPool-worker-12/DEBUG] [net.neoforged.fml.loading.moddiscovery.ModDiscoverer/]: Skipping C:\Users\rosar\.gradle\caches\modules-2\files-2.1\net.neoforged\neoforge\21.11.11-beta\654be20fe29ed0cb40e16adff4881b592fb0b6a5\neoforge-21.11.11-beta-universal.jar because it was already located earlier
[19dic2025 13:02:53.866] [ForkJoinPool.commonPool-worker-12/DEBUG] [net.neoforged.fml.loading.moddiscovery.ModFile/LOADING]: Loading mod file C:\Users\rosar\.gradle\caches\modules-2\files-2.1\io.github.llamalad7\mixinextras-neoforge\0.5.0\d734b83ce6542bb70ea31755c1595b88992dbe65\mixinextras-neoforge-0.5.0.jar with languages []
[19dic2025 13:02:53.869] [fml-loadingscreen/INFO] [net.neoforged.fml.earlydisplay.render.LoadingScreenRenderer/]: GL info: Intel(R) UHD Graphics GL version 3.3.0 - Build 31.0.101.5592, Intel
[19dic2025 13:02:53.942] [ForkJoinPool.commonPool-worker-12/DEBUG] [net.neoforged.fml.loading.moddiscovery.ModFile/LOADING]: Loading mod file D:\Programmazione\Mod\Gilded Armor\NEOFORGE\1.21.11\runs\client\.cache\jij\9c617719248f8b89847348fc7ea5e705739c147ae5e172551264d225bc9f2507\mixinextras-neoforge-0.5.0.jar with languages []
[19dic2025 13:02:53.945] [ForkJoinPool.commonPool-worker-12/DEBUG] [net.neoforged.fml.loading.moddiscovery.ModFile/LOADING]: Loading mod file D:\Programmazione\Mod\Gilded Armor\NEOFORGE\1.21.11\runs\client\.cache\jij\54bb3c61f37ced77ba30dc02ca5b2f71ced259612101a8b1325855cff9d9755c\net.neoforged.neoforge-coremods-21.11.11-beta.jar with languages []
[19dic2025 13:02:53.983] [ForkJoinPool.commonPool-worker-12/WARN] [net.neoforged.jarjar.selection.JarSelector/]: Attempted to select a dependency jar for JarJar which was passed in as source: library:mixinextras.neoforge. Using jar(C:/Users/rosar/.gradle/caches/modules-2/files-2.1/io.github.llamalad7/mixinextras-neoforge/0.5.0/d734b83ce6542bb70ea31755c1595b88992dbe65/mixinextras-neoforge-0.5.0.jar)
[19dic2025 13:02:53.983] [ForkJoinPool.commonPool-worker-12/INFO] [net.neoforged.fml.loading.moddiscovery.locators.JarInJarDependencyLocator/]: Found 1 dependencies adding them to mods collection
[19dic2025 13:02:53.985] [ForkJoinPool.commonPool-worker-12/INFO] [net.neoforged.fml.loading.moddiscovery.ModDiscoverer/]: 
     Mod List:
		Name Version (Mod Id)

		GildedArmor 1.21.11-0.1 (gildedarmor)
		Minecraft 1.21.11 (minecraft)
		NeoForge 21.11.11-beta (neoforge)
[19dic2025 13:02:53.987] [ForkJoinPool.commonPool-worker-12/DEBUG] [net.neoforged.fml.loading.ModSorter/]: Configured system mods: [minecraft, neoforge]
[19dic2025 13:02:53.988] [ForkJoinPool.commonPool-worker-12/DEBUG] [net.neoforged.fml.loading.ModSorter/]: Found system mod: minecraft
[19dic2025 13:02:53.988] [ForkJoinPool.commonPool-worker-12/DEBUG] [net.neoforged.fml.loading.ModSorter/]: Found system mod: neoforge
[19dic2025 13:02:53.989] [ForkJoinPool.commonPool-worker-12/DEBUG] [net.neoforged.fml.loading.ModSorter/LOADING]: Found 2 mod requirements (2 mandatory, 0 optional)
[19dic2025 13:02:53.989] [ForkJoinPool.commonPool-worker-12/DEBUG] [net.neoforged.fml.loading.ModSorter/LOADING]: Found 0 mod requirements missing (0 mandatory, 0 optional)
[19dic2025 13:02:54.231] [main/INFO] [mixin/]: SpongePowered MIXIN Subsystem Version=0.8.7 Source=file:/C:/Users/rosar/.gradle/caches/modules-2/files-2.1/net.fabricmc/sponge-mixin/0.16.5+mixin.0.8.7/80fc3a9f592673cea87f4cd702f87991c6c9fe4d/sponge-mixin-0.16.5+mixin.0.8.7.jar Service=FML Env=CLIENT
[19dic2025 13:02:54.289] [main/DEBUG] [mixin/]: Initialising Mixin Platform Manager
[19dic2025 13:02:54.289] [main/DEBUG] [mixin/]: Adding mixin platform agents for container ContainerHandleVirtual(fml:18c85)
[19dic2025 13:02:54.294] [main/DEBUG] [mixin/]: Instancing new MixinPlatformAgentDefault for ContainerHandleVirtual(fml:18c85)
[19dic2025 13:02:54.295] [main/DEBUG] [mixin/]: MixinPlatformAgentDefault accepted container ContainerHandleVirtual(fml:18c85)
[19dic2025 13:02:54.295] [main/DEBUG] [mixin/]: Instancing new MixinPlatformAgentDefault for ContainerHandleVirtual(fml:18c85)
[19dic2025 13:02:54.295] [main/DEBUG] [mixin/]: MixinPlatformAgentDefault accepted container ContainerHandleVirtual(fml:18c85)
[19dic2025 13:02:54.298] [main/DEBUG] [mixin/]: Processing prepare() for PlatformAgent[MixinPlatformAgentDefault:ContainerHandleVirtual(fml:18c85)]
[19dic2025 13:02:54.298] [main/DEBUG] [mixin/]: Processing prepare() for PlatformAgent[MixinPlatformAgentDefault:ContainerHandleVirtual(fml:18c85)]
[19dic2025 13:02:54.301] [main/INFO] [net.neoforged.fml.loading.FMLLoader/]: Loading FML Plugins:
[19dic2025 13:02:54.301] [main/INFO] [net.neoforged.fml.loading.FMLLoader/]:  - C:/Users/rosar/.gradle/caches/modules-2/files-2.1/net.neoforged/neoforge/21.11.11-beta/654be20fe29ed0cb40e16adff4881b592fb0b6a5/neoforge-21.11.11-beta-universal.jar > net.neoforged.neoforge-coremods-21.11.11-beta.jar
[19dic2025 13:02:54.312] [main/DEBUG] [net.neoforged.fml.util.ServiceLoaderUtil/CORE]: Found 2 implementations of IModLanguageLoader:
[19dic2025 13:02:54.312] [main/DEBUG] [net.neoforged.fml.util.ServiceLoaderUtil/CORE]: 	net.neoforged.fml.javafmlmod.FMLJavaModLanguageProvider from C:/Users/rosar/.gradle/caches/modules-2/files-2.1/net.neoforged.fancymodloader/loader/10.0.36/f72ab4d3e755fe736829883d90430a281527aca/loader-10.0.36.jar
[19dic2025 13:02:54.314] [main/DEBUG] [net.neoforged.fml.util.ServiceLoaderUtil/CORE]: 	net.neoforged.fml.mclanguageprovider.MinecraftModLanguageProvider from C:/Users/rosar/.gradle/caches/modules-2/files-2.1/net.neoforged.fancymodloader/loader/10.0.36/f72ab4d3e755fe736829883d90430a281527aca/loader-10.0.36.jar
[19dic2025 13:02:54.316] [main/DEBUG] [net.neoforged.fml.loading.LanguageProviderLoader/CORE]: Found language provider javafml, version 10.0
[19dic2025 13:02:54.318] [main/DEBUG] [net.neoforged.fml.loading.LanguageProviderLoader/CORE]: Found language provider minecraft, version 10.0
[19dic2025 13:02:54.329] [main/DEBUG] [net.neoforged.fml.loading.FMLLoader/]: Adding Access Transformer META-INF/accesstransformer.cfg in composite(filtered(jar(C:/Users/rosar/.gradle/caches/modules-2/files-2.1/net.neoforged/neoforge/21.11.11-beta/654be20fe29ed0cb40e16adff4881b592fb0b6a5/neoforge-21.11.11-beta-universal.jar)))
[19dic2025 13:02:54.380] [main/DEBUG] [net.neoforged.fml.loading.FMLLoader/]: Adding Access Transformer META-INF/accesstransformergenerated.cfg in composite(filtered(jar(C:/Users/rosar/.gradle/caches/modules-2/files-2.1/net.neoforged/neoforge/21.11.11-beta/654be20fe29ed0cb40e16adff4881b592fb0b6a5/neoforge-21.11.11-beta-universal.jar)))
[19dic2025 13:02:54.402] [main/DEBUG] [net.neoforged.fml.util.ServiceLoaderUtil/CORE]: Found 5 implementations of ClassProcessor:
[19dic2025 13:02:54.402] [main/DEBUG] [net.neoforged.fml.util.ServiceLoaderUtil/CORE]: 	[built-in] net.neoforged.fml.common.asm.AccessTransformerService from C:/Users/rosar/.gradle/caches/modules-2/files-2.1/net.neoforged.fancymodloader/loader/10.0.36/f72ab4d3e755fe736829883d90430a281527aca/loader-10.0.36.jar
[19dic2025 13:02:54.403] [main/DEBUG] [net.neoforged.fml.util.ServiceLoaderUtil/CORE]: 	[built-in] net.neoforged.fml.common.asm.enumextension.RuntimeEnumExtender from C:/Users/rosar/.gradle/caches/modules-2/files-2.1/net.neoforged.fancymodloader/loader/10.0.36/f72ab4d3e755fe736829883d90430a281527aca/loader-10.0.36.jar
[19dic2025 13:02:54.403] [main/DEBUG] [net.neoforged.fml.util.ServiceLoaderUtil/CORE]: 	[built-in] net.neoforged.fml.common.asm.SimpleProcessorsGroup from C:/Users/rosar/.gradle/caches/modules-2/files-2.1/net.neoforged.fancymodloader/loader/10.0.36/f72ab4d3e755fe736829883d90430a281527aca/loader-10.0.36.jar
[19dic2025 13:02:54.403] [main/DEBUG] [net.neoforged.fml.util.ServiceLoaderUtil/CORE]: 	[built-in] net.neoforged.fml.loading.moddiscovery.locators.NeoForgeDevDistCleaner from C:/Users/rosar/.gradle/caches/modules-2/files-2.1/net.neoforged.fancymodloader/loader/10.0.36/f72ab4d3e755fe736829883d90430a281527aca/loader-10.0.36.jar
[19dic2025 13:02:54.403] [main/DEBUG] [net.neoforged.fml.util.ServiceLoaderUtil/CORE]: 	[built-in] net.neoforged.fml.loading.mixin.FMLMixinClassProcessor from C:/Users/rosar/.gradle/caches/modules-2/files-2.1/net.neoforged.fancymodloader/loader/10.0.36/f72ab4d3e755fe736829883d90430a281527aca/loader-10.0.36.jar
[19dic2025 13:02:54.408] [main/DEBUG] [net.neoforged.fml.util.ServiceLoaderUtil/CORE]: Found 1 implementations of ClassProcessorProvider:
[19dic2025 13:02:54.408] [main/DEBUG] [net.neoforged.fml.util.ServiceLoaderUtil/CORE]: 	net.neoforged.neoforge.coremods.NeoForgeCoreMod from C:/Users/rosar/.gradle/caches/modules-2/files-2.1/net.neoforged/neoforge/21.11.11-beta/654be20fe29ed0cb40e16adff4881b592fb0b6a5/neoforge-21.11.11-beta-universal.jar > net.neoforged.neoforge-coremods-21.11.11-beta.jar
[19dic2025 13:02:54.481] [main/DEBUG] [net.neoforged.fml.loading.FMLLoader/]: Masking classpath elements: [D:/Programmazione/Mod/Gilded Armor/NEOFORGE/1.21.11/.gradle/repositories/ng_dummy_ng/net/neoforged/neoforge/21.11.11-beta/neoforge-21.11.11-beta.jar, C:/Users/rosar/.gradle/caches/modules-2/files-2.1/io.github.llamalad7/mixinextras-neoforge/0.5.0/d734b83ce6542bb70ea31755c1595b88992dbe65/mixinextras-neoforge-0.5.0.jar, D:/Programmazione/Mod/Gilded Armor/NEOFORGE/1.21.11/build/resources/main, C:/Users/rosar/.gradle/caches/modules-2/files-2.1/net.neoforged/neoforge/21.11.11-beta/654be20fe29ed0cb40e16adff4881b592fb0b6a5/neoforge-21.11.11-beta-universal.jar, D:/Programmazione/Mod/Gilded Armor/NEOFORGE/1.21.11/build/classes/java/main]
[19dic2025 13:02:54.500] [main/INFO] [net.neoforged.fml.loading.FMLLoader/]: Building game content classloader:
 - gildedarmor (composite(folder(D:/Programmazione/Mod/Gilded Armor/NEOFORGE/1.21.11/build/resources/main), folder(D:/Programmazione/Mod/Gilded Armor/NEOFORGE/1.21.11/build/classes/java/main)))
 - minecraft (composite(filtered(jar(D:/Programmazione/Mod/Gilded Armor/NEOFORGE/1.21.11/.gradle/repositories/ng_dummy_ng/net/neoforged/neoforge/21.11.11-beta/neoforge-21.11.11-beta.jar)), filtered(jar(D:/Programmazione/Mod/Gilded Armor/NEOFORGE/1.21.11/.gradle/repositories/ng_dummy_ng/net/neoforged/neoforge/21.11.11-beta/neoforge-21.11.11-beta.jar))))
 - mixinextras.neoforge (jar(C:/Users/rosar/.gradle/caches/modules-2/files-2.1/io.github.llamalad7/mixinextras-neoforge/0.5.0/d734b83ce6542bb70ea31755c1595b88992dbe65/mixinextras-neoforge-0.5.0.jar))
 - neoforge (composite(filtered(jar(C:/Users/rosar/.gradle/caches/modules-2/files-2.1/net.neoforged/neoforge/21.11.11-beta/654be20fe29ed0cb40e16adff4881b592fb0b6a5/neoforge-21.11.11-beta-universal.jar))))
 - net.neoforged.fml.generated (empty(VirtualJar/net.neoforged.fml.generated))
[19dic2025 13:02:54.528] [main/INFO] [net.neoforged.fml.loading.FMLLoader/]: Built game content classloader in 46ms
[19dic2025 13:02:54.664] [main/DEBUG] [mixin/]: Processing launch tasks for PlatformAgent[MixinPlatformAgentDefault:ContainerHandleVirtual(fml:18c85)]
[19dic2025 13:02:54.664] [main/DEBUG] [mixin/]: Processing launch tasks for PlatformAgent[MixinPlatformAgentDefault:ContainerHandleVirtual(fml:18c85)]
[19dic2025 13:02:54.665] [main/DEBUG] [mixin/]: Adding agents for Mixin Container composite(filtered(jar(C:/Users/rosar/.gradle/caches/modules-2/files-2.1/net.neoforged/neoforge/21.11.11-beta/654be20fe29ed0cb40e16adff4881b592fb0b6a5/neoforge-21.11.11-beta-universal.jar))) > jar(C:/Users/rosar/.gradle/caches/modules-2/files-2.1/net.neoforged/neoforge/21.11.11-beta/654be20fe29ed0cb40e16adff4881b592fb0b6a5/neoforge-21.11.11-beta-universal.jar > net.neoforged.neoforge-coremods-21.11.11-beta.jar)
[19dic2025 13:02:54.665] [main/DEBUG] [mixin/]: Adding mixin platform agents for container composite(filtered(jar(C:/Users/rosar/.gradle/caches/modules-2/files-2.1/net.neoforged/neoforge/21.11.11-beta/654be20fe29ed0cb40e16adff4881b592fb0b6a5/neoforge-21.11.11-beta-universal.jar))) > jar(C:/Users/rosar/.gradle/caches/modules-2/files-2.1/net.neoforged/neoforge/21.11.11-beta/654be20fe29ed0cb40e16adff4881b592fb0b6a5/neoforge-21.11.11-beta-universal.jar > net.neoforged.neoforge-coremods-21.11.11-beta.jar)
[19dic2025 13:02:54.665] [main/DEBUG] [mixin/]: Instancing new MixinPlatformAgentDefault for composite(filtered(jar(C:/Users/rosar/.gradle/caches/modules-2/files-2.1/net.neoforged/neoforge/21.11.11-beta/654be20fe29ed0cb40e16adff4881b592fb0b6a5/neoforge-21.11.11-beta-universal.jar))) > jar(C:/Users/rosar/.gradle/caches/modules-2/files-2.1/net.neoforged/neoforge/21.11.11-beta/654be20fe29ed0cb40e16adff4881b592fb0b6a5/neoforge-21.11.11-beta-universal.jar > net.neoforged.neoforge-coremods-21.11.11-beta.jar)
[19dic2025 13:02:54.665] [main/DEBUG] [mixin/]: MixinPlatformAgentDefault accepted container composite(filtered(jar(C:/Users/rosar/.gradle/caches/modules-2/files-2.1/net.neoforged/neoforge/21.11.11-beta/654be20fe29ed0cb40e16adff4881b592fb0b6a5/neoforge-21.11.11-beta-universal.jar))) > jar(C:/Users/rosar/.gradle/caches/modules-2/files-2.1/net.neoforged/neoforge/21.11.11-beta/654be20fe29ed0cb40e16adff4881b592fb0b6a5/neoforge-21.11.11-beta-universal.jar > net.neoforged.neoforge-coremods-21.11.11-beta.jar)
[19dic2025 13:02:54.666] [main/DEBUG] [mixin/]: Instancing new MixinPlatformAgentDefault for composite(filtered(jar(C:/Users/rosar/.gradle/caches/modules-2/files-2.1/net.neoforged/neoforge/21.11.11-beta/654be20fe29ed0cb40e16adff4881b592fb0b6a5/neoforge-21.11.11-beta-universal.jar))) > jar(C:/Users/rosar/.gradle/caches/modules-2/files-2.1/net.neoforged/neoforge/21.11.11-beta/654be20fe29ed0cb40e16adff4881b592fb0b6a5/neoforge-21.11.11-beta-universal.jar > net.neoforged.neoforge-coremods-21.11.11-beta.jar)
[19dic2025 13:02:54.666] [main/DEBUG] [mixin/]: MixinPlatformAgentDefault accepted container composite(filtered(jar(C:/Users/rosar/.gradle/caches/modules-2/files-2.1/net.neoforged/neoforge/21.11.11-beta/654be20fe29ed0cb40e16adff4881b592fb0b6a5/neoforge-21.11.11-beta-universal.jar))) > jar(C:/Users/rosar/.gradle/caches/modules-2/files-2.1/net.neoforged/neoforge/21.11.11-beta/654be20fe29ed0cb40e16adff4881b592fb0b6a5/neoforge-21.11.11-beta-universal.jar > net.neoforged.neoforge-coremods-21.11.11-beta.jar)
[19dic2025 13:02:54.666] [main/DEBUG] [mixin/]: Processing prepare() for PlatformAgent[MixinPlatformAgentDefault:composite(filtered(jar(C:/Users/rosar/.gradle/caches/modules-2/files-2.1/net.neoforged/neoforge/21.11.11-beta/654be20fe29ed0cb40e16adff4881b592fb0b6a5/neoforge-21.11.11-beta-universal.jar))) > jar(C:/Users/rosar/.gradle/caches/modules-2/files-2.1/net.neoforged/neoforge/21.11.11-beta/654be20fe29ed0cb40e16adff4881b592fb0b6a5/neoforge-21.11.11-beta-universal.jar > net.neoforged.neoforge-coremods-21.11.11-beta.jar)]
[19dic2025 13:02:54.666] [main/DEBUG] [mixin/]: Processing prepare() for PlatformAgent[MixinPlatformAgentDefault:composite(filtered(jar(C:/Users/rosar/.gradle/caches/modules-2/files-2.1/net.neoforged/neoforge/21.11.11-beta/654be20fe29ed0cb40e16adff4881b592fb0b6a5/neoforge-21.11.11-beta-universal.jar))) > jar(C:/Users/rosar/.gradle/caches/modules-2/files-2.1/net.neoforged/neoforge/21.11.11-beta/654be20fe29ed0cb40e16adff4881b592fb0b6a5/neoforge-21.11.11-beta-universal.jar > net.neoforged.neoforge-coremods-21.11.11-beta.jar)]
[19dic2025 13:02:54.666] [main/DEBUG] [mixin/]: Adding agents for Mixin Container jar(C:/Users/rosar/.gradle/caches/modules-2/files-2.1/io.github.llamalad7/mixinextras-neoforge/0.5.0/d734b83ce6542bb70ea31755c1595b88992dbe65/mixinextras-neoforge-0.5.0.jar)
[19dic2025 13:02:54.667] [main/DEBUG] [mixin/]: Adding mixin platform agents for container jar(C:/Users/rosar/.gradle/caches/modules-2/files-2.1/io.github.llamalad7/mixinextras-neoforge/0.5.0/d734b83ce6542bb70ea31755c1595b88992dbe65/mixinextras-neoforge-0.5.0.jar)
[19dic2025 13:02:54.667] [main/DEBUG] [mixin/]: Instancing new MixinPlatformAgentDefault for jar(C:/Users/rosar/.gradle/caches/modules-2/files-2.1/io.github.llamalad7/mixinextras-neoforge/0.5.0/d734b83ce6542bb70ea31755c1595b88992dbe65/mixinextras-neoforge-0.5.0.jar)
[19dic2025 13:02:54.667] [main/DEBUG] [mixin/]: MixinPlatformAgentDefault accepted container jar(C:/Users/rosar/.gradle/caches/modules-2/files-2.1/io.github.llamalad7/mixinextras-neoforge/0.5.0/d734b83ce6542bb70ea31755c1595b88992dbe65/mixinextras-neoforge-0.5.0.jar)
[19dic2025 13:02:54.667] [main/DEBUG] [mixin/]: Instancing new MixinPlatformAgentDefault for jar(C:/Users/rosar/.gradle/caches/modules-2/files-2.1/io.github.llamalad7/mixinextras-neoforge/0.5.0/d734b83ce6542bb70ea31755c1595b88992dbe65/mixinextras-neoforge-0.5.0.jar)
[19dic2025 13:02:54.667] [main/DEBUG] [mixin/]: MixinPlatformAgentDefault accepted container jar(C:/Users/rosar/.gradle/caches/modules-2/files-2.1/io.github.llamalad7/mixinextras-neoforge/0.5.0/d734b83ce6542bb70ea31755c1595b88992dbe65/mixinextras-neoforge-0.5.0.jar)
[19dic2025 13:02:54.667] [main/DEBUG] [mixin/]: Processing prepare() for PlatformAgent[MixinPlatformAgentDefault:jar(C:/Users/rosar/.gradle/caches/modules-2/files-2.1/io.github.llamalad7/mixinextras-neoforge/0.5.0/d734b83ce6542bb70ea31755c1595b88992dbe65/mixinextras-neoforge-0.5.0.jar)]
[19dic2025 13:02:54.667] [main/DEBUG] [mixin/]: Registering mixin config: mixinextras.init.mixins.json source=jar(C:/Users/rosar/.gradle/caches/modules-2/files-2.1/io.github.llamalad7/mixinextras-neoforge/0.5.0/d734b83ce6542bb70ea31755c1595b88992dbe65/mixinextras-neoforge-0.5.0.jar)
[19dic2025 13:02:54.670] [main/DEBUG] [mixin/]: Processing prepare() for PlatformAgent[MixinPlatformAgentDefault:jar(C:/Users/rosar/.gradle/caches/modules-2/files-2.1/io.github.llamalad7/mixinextras-neoforge/0.5.0/d734b83ce6542bb70ea31755c1595b88992dbe65/mixinextras-neoforge-0.5.0.jar)]
[19dic2025 13:02:54.670] [main/DEBUG] [mixin/]: Registering mixin config: mixinextras.init.mixins.json source=jar(C:/Users/rosar/.gradle/caches/modules-2/files-2.1/io.github.llamalad7/mixinextras-neoforge/0.5.0/d734b83ce6542bb70ea31755c1595b88992dbe65/mixinextras-neoforge-0.5.0.jar)
[19dic2025 13:02:54.670] [main/DEBUG] [mixin/]: inject() running with 3 agents
[19dic2025 13:02:54.670] [main/DEBUG] [mixin/]: Processing inject() for PlatformAgent[MixinPlatformAgentDefault:ContainerHandleVirtual(fml:18c85)]
[19dic2025 13:02:54.670] [main/DEBUG] [mixin/]: Processing inject() for PlatformAgent[MixinPlatformAgentDefault:ContainerHandleVirtual(fml:18c85)]
[19dic2025 13:02:54.671] [main/DEBUG] [mixin/]: Processing inject() for PlatformAgent[MixinPlatformAgentDefault:composite(filtered(jar(C:/Users/rosar/.gradle/caches/modules-2/files-2.1/net.neoforged/neoforge/21.11.11-beta/654be20fe29ed0cb40e16adff4881b592fb0b6a5/neoforge-21.11.11-beta-universal.jar))) > jar(C:/Users/rosar/.gradle/caches/modules-2/files-2.1/net.neoforged/neoforge/21.11.11-beta/654be20fe29ed0cb40e16adff4881b592fb0b6a5/neoforge-21.11.11-beta-universal.jar > net.neoforged.neoforge-coremods-21.11.11-beta.jar)]
[19dic2025 13:02:54.671] [main/DEBUG] [mixin/]: Processing inject() for PlatformAgent[MixinPlatformAgentDefault:composite(filtered(jar(C:/Users/rosar/.gradle/caches/modules-2/files-2.1/net.neoforged/neoforge/21.11.11-beta/654be20fe29ed0cb40e16adff4881b592fb0b6a5/neoforge-21.11.11-beta-universal.jar))) > jar(C:/Users/rosar/.gradle/caches/modules-2/files-2.1/net.neoforged/neoforge/21.11.11-beta/654be20fe29ed0cb40e16adff4881b592fb0b6a5/neoforge-21.11.11-beta-universal.jar > net.neoforged.neoforge-coremods-21.11.11-beta.jar)]
[19dic2025 13:02:54.671] [main/DEBUG] [mixin/]: Processing inject() for PlatformAgent[MixinPlatformAgentDefault:jar(C:/Users/rosar/.gradle/caches/modules-2/files-2.1/io.github.llamalad7/mixinextras-neoforge/0.5.0/d734b83ce6542bb70ea31755c1595b88992dbe65/mixinextras-neoforge-0.5.0.jar)]
[19dic2025 13:02:54.671] [main/DEBUG] [mixin/]: Processing inject() for PlatformAgent[MixinPlatformAgentDefault:jar(C:/Users/rosar/.gradle/caches/modules-2/files-2.1/io.github.llamalad7/mixinextras-neoforge/0.5.0/d734b83ce6542bb70ea31755c1595b88992dbe65/mixinextras-neoforge-0.5.0.jar)]
[19dic2025 13:02:54.679] [main/DEBUG] [mixin/]: Preparing mixins for MixinEnvironment[DEFAULT]
[19dic2025 13:02:54.682] [main/DEBUG] [mixin/]: Selecting config neoforge.mixins.json
[19dic2025 13:02:54.697] [main/DEBUG] [mixin/]: Selecting config mixinextras.init.mixins.json
[19dic2025 13:02:54.791] [main/DEBUG] [MixinExtras|Service/]: com.llamalad7.mixinextras.service.MixinExtrasServiceImpl(version=0.5.0) is taking over from null
[19dic2025 13:02:54.830] [main/DEBUG] [mixin/]: Registering new injector for @Inject with org.spongepowered.asm.mixin.injection.struct.CallbackInjectionInfo
[19dic2025 13:02:54.831] [main/DEBUG] [mixin/]: Registering new injector for @ModifyArg with org.spongepowered.asm.mixin.injection.struct.ModifyArgInjectionInfo
[19dic2025 13:02:54.832] [main/DEBUG] [mixin/]: Registering new injector for @ModifyArgs with org.spongepowered.asm.mixin.injection.struct.ModifyArgsInjectionInfo
[19dic2025 13:02:54.832] [main/DEBUG] [mixin/]: Registering new injector for @Redirect with org.spongepowered.asm.mixin.injection.struct.RedirectInjectionInfo
[19dic2025 13:02:54.833] [main/DEBUG] [mixin/]: Registering new injector for @ModifyVariable with org.spongepowered.asm.mixin.injection.struct.ModifyVariableInjectionInfo
[19dic2025 13:02:54.835] [main/DEBUG] [mixin/]: Registering new injector for @ModifyConstant with org.spongepowered.asm.mixin.injection.struct.ModifyConstantInjectionInfo
[19dic2025 13:02:54.843] [main/DEBUG] [mixin/]: Preparing neoforge.mixins.json (2)
[19dic2025 13:02:54.895] [main/DEBUG] [mixin/]: Preparing mixinextras.init.mixins.json (0)
[19dic2025 13:02:55.050] [main/DEBUG] [io.netty.util.internal.logging.InternalLoggerFactory/]: Using SLF4J as the default logging framework
[19dic2025 13:02:55.051] [main/DEBUG] [io.netty.util.ResourceLeakDetector/]: -Dio.netty.leakDetection.level: simple
[19dic2025 13:02:55.052] [main/DEBUG] [io.netty.util.ResourceLeakDetector/]: -Dio.netty.leakDetection.targetRecords: 4
[19dic2025 13:02:57.449] [pool-8-thread-1/INFO] [MixinExtras|Service/]: Initializing MixinExtras via com.llamalad7.mixinextras.service.MixinExtrasServiceImpl(version=0.5.0).
[19dic2025 13:02:57.450] [pool-8-thread-1/DEBUG] [mixin/]: Registering new injector for @SugarWrapper with com.llamalad7.mixinextras.sugar.impl.SugarWrapperInjectionInfo
[19dic2025 13:02:57.451] [pool-8-thread-1/DEBUG] [mixin/]: Registering new injector for @FactoryRedirectWrapper with com.llamalad7.mixinextras.wrapper.factory.FactoryRedirectWrapperInjectionInfo
[19dic2025 13:02:57.452] [pool-8-thread-1/DEBUG] [mixin/]: Registering new injector for @ExpressionInjectorWrapper with com.llamalad7.mixinextras.expression.impl.wrapper.ExpressionInjectorWrapperInjectionInfo
[19dic2025 13:02:57.483] [pool-8-thread-1/DEBUG] [mixin/]: Mixing MappedRegistryAccessor from neoforge.mixins.json into net.minecraft.core.MappedRegistry
[19dic2025 13:02:57.606] [Datafixer Bootstrap/INFO] [com.mojang.datafixers.DataFixerBuilder/]: 290 Datafixer optimizations took 1692 milliseconds
[19dic2025 13:02:59.465] [pool-8-thread-1/DEBUG] [mixin/]: Mixing BlockEntityTypeAccessor from neoforge.mixins.json into net.minecraft.world.level.block.entity.BlockEntityType
[19dic2025 13:03:11.904] [main/WARN] [net.minecraft.commands.Commands/]: Ambiguity between arguments [teleport, location] and [teleport, destination] with inputs: [0.1 -0.5 .9, 0 0 0]
[19dic2025 13:03:11.911] [main/WARN] [net.minecraft.commands.Commands/]: Ambiguity between arguments [teleport, location] and [teleport, targets] with inputs: [0.1 -0.5 .9, 0 0 0]
[19dic2025 13:03:11.921] [main/WARN] [net.minecraft.commands.Commands/]: Ambiguity between arguments [teleport, destination] and [teleport, targets] with inputs: [Player, 0123, @e, dd12be42-52a9-4a91-a8a1-11c01849e498]
[19dic2025 13:03:11.926] [main/WARN] [net.minecraft.commands.Commands/]: Ambiguity between arguments [teleport, targets] and [teleport, destination] with inputs: [Player, 0123, dd12be42-52a9-4a91-a8a1-11c01849e498]
[19dic2025 13:03:11.928] [main/WARN] [net.minecraft.commands.Commands/]: Ambiguity between arguments [teleport, targets, location] and [teleport, targets, destination] with inputs: [0.1 -0.5 .9, 0 0 0]
[19dic2025 13:03:11.933] [main/WARN] [net.minecraft.commands.Commands/]: Ambiguity between arguments [waypoint, modify, waypoint, color, reset] and [waypoint, modify, waypoint, color, color] with inputs: [reset]
[19dic2025 13:03:11.974] [main/DEBUG] [net.neoforged.fml.ModWorkManager/LOADING]: Using 16 threads for parallel mod-loading
[19dic2025 13:03:11.993] [main/DEBUG] [net.neoforged.fml.javafmlmod.FMLModContainer/LOADING]: Creating FMLModContainer instance for gildedarmor with entrypoints [com.blocklegend001.gildedarmor.GildedArmor]
[19dic2025 13:03:11.998] [main/DEBUG] [net.neoforged.fml.javafmlmod.FMLModContainer/LOADING]: Creating FMLModContainer instance for neoforge with entrypoints [net.neoforged.neoforge.common.NeoForgeMod, net.neoforged.neoforge.common.OnlyInWarningsHandler, net.neoforged.neoforge.client.ClientNeoForgeMod]
[19dic2025 13:03:12.043] [modloading-worker-0/DEBUG] [net.neoforged.fml.javafmlmod.AutomaticEventSubscriber/LOADING]: Attempting to inject @EventBusSubscriber classes into the eventbus for gildedarmor
[19dic2025 13:03:12.043] [modloading-worker-0/INFO] [net.neoforged.neoforge.common.NeoForgeMod/NEOFORGE-MOD]: NeoForge mod loading, version 21.11.11-beta, for MC 1.21.11
[19dic2025 13:03:12.044] [modloading-worker-0/DEBUG] [net.neoforged.fml.javafmlmod.AutomaticEventSubscriber/LOADING]: Scanning class com.blocklegend001.gildedarmor.datagen.DataGenerators for @SubscribeEvent-annotated methods
[19dic2025 13:03:12.051] [modloading-worker-0/DEBUG] [net.neoforged.fml.javafmlmod.AutomaticEventSubscriber/LOADING]: Subscribing method public static void com.blocklegend001.gildedarmor.datagen.DataGenerators.gatherData(net.neoforged.neoforge.data.event.GatherDataEvent$Client) to the event bus of mod gildedarmor
[19dic2025 13:03:12.078] [modloading-worker-0/DEBUG] [net.neoforged.fml.config.ConfigTracker/CONFIG]: Config file neoforge-server.toml for neoforge tracking
[19dic2025 13:03:12.082] [modloading-worker-0/DEBUG] [net.neoforged.fml.config.ConfigTracker/CONFIG]: Config file neoforge-common.toml for neoforge tracking
[19dic2025 13:03:12.173] [modloading-worker-0/DEBUG] [net.neoforged.fml.config.ConfigTracker/CONFIG]: Config file neoforge-client.toml for neoforge tracking
[19dic2025 13:03:12.197] [modloading-worker-0/DEBUG] [net.neoforged.fml.javafmlmod.AutomaticEventSubscriber/LOADING]: Attempting to inject @EventBusSubscriber classes into the eventbus for neoforge
[19dic2025 13:03:12.197] [modloading-worker-0/DEBUG] [net.neoforged.fml.javafmlmod.AutomaticEventSubscriber/LOADING]: Scanning class net.neoforged.neoforge.attachment.AttachmentInternals for @SubscribeEvent-annotated methods
[19dic2025 13:03:12.199] [modloading-worker-0/DEBUG] [net.neoforged.fml.javafmlmod.AutomaticEventSubscriber/LOADING]: Subscribing method public static void net.neoforged.neoforge.attachment.AttachmentInternals.onLivingConvert(net.neoforged.neoforge.event.entity.living.LivingConversionEvent$Post) to the game event bus
[19dic2025 13:03:12.202] [modloading-worker-0/DEBUG] [net.neoforged.fml.javafmlmod.AutomaticEventSubscriber/LOADING]: Subscribing method public static void net.neoforged.neoforge.attachment.AttachmentInternals.onPlayerClone(net.neoforged.neoforge.event.entity.player.PlayerEvent$Clone) to the game event bus
[19dic2025 13:03:12.203] [modloading-worker-0/DEBUG] [net.neoforged.fml.javafmlmod.AutomaticEventSubscriber/LOADING]: Scanning class net.neoforged.neoforge.attachment.AttachmentSync for @SubscribeEvent-annotated methods
[19dic2025 13:03:12.206] [modloading-worker-0/DEBUG] [net.neoforged.fml.javafmlmod.AutomaticEventSubscriber/LOADING]: Subscribing method public static void net.neoforged.neoforge.attachment.AttachmentSync.onChunkSent(net.neoforged.neoforge.event.level.ChunkWatchEvent$Sent) to the game event bus
[19dic2025 13:03:12.207] [modloading-worker-0/DEBUG] [net.neoforged.fml.javafmlmod.AutomaticEventSubscriber/LOADING]: Scanning class net.neoforged.neoforge.client.BlockEntityRenderBoundsDebugRenderer for @SubscribeEvent-annotated methods
[19dic2025 13:03:12.210] [modloading-worker-0/DEBUG] [net.neoforged.fml.javafmlmod.AutomaticEventSubscriber/LOADING]: Subscribing method public static void net.neoforged.neoforge.client.BlockEntityRenderBoundsDebugRenderer.onRenderLevelStage(net.neoforged.neoforge.client.event.RenderLevelStageEvent$AfterEntities) to the game event bus
[19dic2025 13:03:12.211] [modloading-worker-0/DEBUG] [net.neoforged.fml.javafmlmod.AutomaticEventSubscriber/LOADING]: Subscribing method public static void net.neoforged.neoforge.client.BlockEntityRenderBoundsDebugRenderer.onExtractLevelRenderState(net.neoforged.neoforge.client.event.ExtractLevelRenderStateEvent) to the game event bus
[19dic2025 13:03:12.211] [modloading-worker-0/DEBUG] [net.neoforged.fml.javafmlmod.AutomaticEventSubscriber/LOADING]: Subscribing method public static void net.neoforged.neoforge.client.BlockEntityRenderBoundsDebugRenderer.onRegisterClientCommands(net.neoforged.neoforge.client.event.RegisterClientCommandsEvent) to the game event bus
[19dic2025 13:03:12.212] [modloading-worker-0/DEBUG] [net.neoforged.fml.javafmlmod.AutomaticEventSubscriber/LOADING]: Scanning class net.neoforged.neoforge.client.NeoForgeRenderPipelines for @SubscribeEvent-annotated methods
[19dic2025 13:03:12.240] [modloading-worker-0/DEBUG] [net.neoforged.fml.javafmlmod.AutomaticEventSubscriber/LOADING]: Subscribing method static void net.neoforged.neoforge.client.NeoForgeRenderPipelines.registerPipelines(net.neoforged.neoforge.client.event.RegisterRenderPipelinesEvent) to the event bus of mod neoforge
[19dic2025 13:03:12.240] [modloading-worker-0/DEBUG] [net.neoforged.fml.javafmlmod.AutomaticEventSubscriber/LOADING]: Scanning class net.neoforged.neoforge.client.network.ClientPayloadHandler for @SubscribeEvent-annotated methods
[19dic2025 13:03:12.254] [modloading-worker-0/DEBUG] [net.neoforged.fml.javafmlmod.AutomaticEventSubscriber/LOADING]: Subscribing method private static void net.neoforged.neoforge.client.network.ClientPayloadHandler.register(net.neoforged.neoforge.client.network.event.RegisterClientPayloadHandlersEvent) to the event bus of mod neoforge
[19dic2025 13:03:12.255] [modloading-worker-0/DEBUG] [net.neoforged.fml.javafmlmod.AutomaticEventSubscriber/LOADING]: Scanning class net.neoforged.neoforge.common.MonsterRoomHooks for @SubscribeEvent-annotated methods
[19dic2025 13:03:12.255] [modloading-worker-0/DEBUG] [net.neoforged.fml.javafmlmod.AutomaticEventSubscriber/LOADING]: Subscribing method public static void net.neoforged.neoforge.common.MonsterRoomHooks.onDataMapsUpdated(net.neoforged.neoforge.registries.datamaps.DataMapsUpdatedEvent) to the game event bus
[19dic2025 13:03:12.256] [modloading-worker-0/DEBUG] [net.neoforged.fml.javafmlmod.AutomaticEventSubscriber/LOADING]: Scanning class net.neoforged.neoforge.model.data.ModelDataManager for @SubscribeEvent-annotated methods
[19dic2025 13:03:12.258] [modloading-worker-0/DEBUG] [net.neoforged.fml.javafmlmod.AutomaticEventSubscriber/LOADING]: Subscribing method public static void net.neoforged.neoforge.model.data.ModelDataManager.onChunkUnload(net.neoforged.neoforge.event.level.ChunkEvent$Unload) to the game event bus
[19dic2025 13:03:12.258] [modloading-worker-0/DEBUG] [net.neoforged.fml.javafmlmod.AutomaticEventSubscriber/LOADING]: Scanning class net.neoforged.neoforge.network.ConfigurationInitialization for @SubscribeEvent-annotated methods
[19dic2025 13:03:12.263] [modloading-worker-0/DEBUG] [net.neoforged.fml.javafmlmod.AutomaticEventSubscriber/LOADING]: Subscribing method private static void net.neoforged.neoforge.network.ConfigurationInitialization.configureModdedClient(net.neoforged.neoforge.network.event.RegisterConfigurationTasksEvent) to the event bus of mod neoforge
[19dic2025 13:03:12.263] [modloading-worker-0/DEBUG] [net.neoforged.fml.javafmlmod.AutomaticEventSubscriber/LOADING]: Scanning class net.neoforged.neoforge.network.NetworkInitialization for @SubscribeEvent-annotated methods
[19dic2025 13:03:12.265] [modloading-worker-0/DEBUG] [net.neoforged.fml.javafmlmod.AutomaticEventSubscriber/LOADING]: Subscribing method private static void net.neoforged.neoforge.network.NetworkInitialization.register(net.neoforged.neoforge.network.event.RegisterPayloadHandlersEvent) to the event bus of mod neoforge
[19dic2025 13:03:12.266] [modloading-worker-0/DEBUG] [net.neoforged.fml.javafmlmod.AutomaticEventSubscriber/LOADING]: Scanning class net.neoforged.neoforge.network.filters.GenericPacketSplitter for @SubscribeEvent-annotated methods
[19dic2025 13:03:12.293] [modloading-worker-0/DEBUG] [io.netty.util.internal.PlatformDependent0/]: Java version: 21
[19dic2025 13:03:12.294] [modloading-worker-0/DEBUG] [io.netty.util.internal.PlatformDependent0/]: -Dio.netty.noUnsafe: false
[19dic2025 13:03:12.295] [modloading-worker-0/DEBUG] [io.netty.util.internal.PlatformDependent0/]: sun.misc.Unsafe.theUnsafe: available
[19dic2025 13:03:12.296] [modloading-worker-0/DEBUG] [io.netty.util.internal.PlatformDependent0/]: sun.misc.Unsafe base methods: all available
[19dic2025 13:03:12.296] [modloading-worker-0/DEBUG] [io.netty.util.internal.PlatformDependent0/]: java.nio.Buffer.address: available
[19dic2025 13:03:12.298] [modloading-worker-0/DEBUG] [io.netty.util.internal.PlatformDependent0/]: java.nio.Bits.unaligned: available, true
[19dic2025 13:03:12.300] [modloading-worker-0/DEBUG] [io.netty.util.internal.PlatformDependent0/]: java.nio.DirectByteBuffer.<init>(long, {int,long}): unavailable
[19dic2025 13:03:12.300] [modloading-worker-0/DEBUG] [io.netty.util.internal.PlatformDependent/]: sun.misc.Unsafe: available
[19dic2025 13:03:12.300] [modloading-worker-0/DEBUG] [io.netty.util.internal.PlatformDependent/]: -Dio.netty.tmpdir: C:\Users\rosar\AppData\Local\Temp (java.io.tmpdir)
[19dic2025 13:03:12.301] [modloading-worker-0/DEBUG] [io.netty.util.internal.PlatformDependent/]: -Dio.netty.bitMode: 64 (sun.arch.data.model)
[19dic2025 13:03:12.301] [modloading-worker-0/DEBUG] [io.netty.util.internal.PlatformDependent/]: Platform: Windows
[19dic2025 13:03:12.302] [modloading-worker-0/DEBUG] [io.netty.util.internal.PlatformDependent/]: -Dio.netty.maxDirectMemory: -1 bytes
[19dic2025 13:03:12.303] [modloading-worker-0/DEBUG] [io.netty.util.internal.CleanerJava9/]: java.nio.ByteBuffer.cleaner(): available
[19dic2025 13:03:12.304] [modloading-worker-0/DEBUG] [io.netty.util.internal.PlatformDependent/]: -Dio.netty.noPreferDirect: false
[19dic2025 13:03:12.305] [modloading-worker-0/DEBUG] [io.netty.util.internal.PlatformDependent/]: -Dio.netty.jfr.enabled: true
[19dic2025 13:03:12.314] [modloading-worker-0/DEBUG] [io.netty.buffer.AbstractByteBuf/]: -Dio.netty.buffer.checkAccessible: true
[19dic2025 13:03:12.314] [modloading-worker-0/DEBUG] [io.netty.buffer.AbstractByteBuf/]: -Dio.netty.buffer.checkBounds: true
[19dic2025 13:03:12.315] [modloading-worker-0/DEBUG] [io.netty.util.ResourceLeakDetectorFactory/]: Loaded default ResourceLeakDetector: io.netty.util.ResourceLeakDetector@172a8c8e
[19dic2025 13:03:12.326] [modloading-worker-0/DEBUG] [io.netty.util.internal.InternalThreadLocalMap/]: -Dio.netty.threadLocalMap.stringBuilder.initialSize: 1024
[19dic2025 13:03:12.326] [modloading-worker-0/DEBUG] [io.netty.util.internal.InternalThreadLocalMap/]: -Dio.netty.threadLocalMap.stringBuilder.maxSize: 4096
[19dic2025 13:03:12.328] [modloading-worker-0/DEBUG] [io.netty.buffer.AdaptiveByteBufAllocator/]: -Dio.netty.allocator.useCachedMagazinesForNonEventLoopThreads: false
[19dic2025 13:03:12.369] [modloading-worker-0/DEBUG] [io.netty.util.Recycler/]: -Dio.netty.recycler.maxCapacityPerThread: 4096
[19dic2025 13:03:12.369] [modloading-worker-0/DEBUG] [io.netty.util.Recycler/]: -Dio.netty.recycler.ratio: 8
[19dic2025 13:03:12.369] [modloading-worker-0/DEBUG] [io.netty.util.Recycler/]: -Dio.netty.recycler.chunkSize: 32
[19dic2025 13:03:12.369] [modloading-worker-0/DEBUG] [io.netty.util.Recycler/]: -Dio.netty.recycler.blocking: false
[19dic2025 13:03:12.370] [modloading-worker-0/DEBUG] [io.netty.util.Recycler/]: -Dio.netty.recycler.batchFastThreadLocalOnly: true
[19dic2025 13:03:12.376] [modloading-worker-0/DEBUG] [io.netty.buffer.ByteBufUtil/]: -Dio.netty.allocator.type: adaptive
[19dic2025 13:03:12.376] [modloading-worker-0/DEBUG] [io.netty.buffer.ByteBufUtil/]: -Dio.netty.threadLocalDirectBufferSize: 0
[19dic2025 13:03:12.377] [modloading-worker-0/DEBUG] [io.netty.buffer.ByteBufUtil/]: -Dio.netty.maxThreadLocalCharBufferSize: 16384
[19dic2025 13:03:12.384] [modloading-worker-0/DEBUG] [net.neoforged.fml.javafmlmod.AutomaticEventSubscriber/LOADING]: Subscribing method private static void net.neoforged.neoforge.network.filters.GenericPacketSplitter.register(net.neoforged.neoforge.network.event.RegisterPayloadHandlersEvent) to the event bus of mod neoforge
[19dic2025 13:03:12.641] [modloading-sync-worker/DEBUG] [net.neoforged.fml.config.ConfigTracker/CONFIG]: Loading configs type CLIENT
[19dic2025 13:03:12.669] [modloading-sync-worker/DEBUG] [net.neoforged.neoforge.common.NeoForgeMod/FORGEMOD]: Loaded NeoForge config file neoforge-client.toml
[19dic2025 13:03:12.671] [modloading-sync-worker/DEBUG] [net.neoforged.fml.config.ConfigTracker/CONFIG]: Loaded TOML config file D:\Programmazione\Mod\Gilded Armor\NEOFORGE\1.21.11\runs\client\config\neoforge-client.toml
[19dic2025 13:03:12.683] [modloading-sync-worker/DEBUG] [net.neoforged.fml.config.ConfigTracker/CONFIG]: Watching TOML config file D:\Programmazione\Mod\Gilded Armor\NEOFORGE\1.21.11\runs\client\config\neoforge-client.toml for changes
[19dic2025 13:03:12.683] [modloading-sync-worker/DEBUG] [net.neoforged.fml.config.ConfigTracker/CONFIG]: Loading configs type COMMON
[19dic2025 13:03:12.685] [modloading-sync-worker/DEBUG] [net.neoforged.neoforge.common.NeoForgeMod/FORGEMOD]: Loaded NeoForge config file neoforge-common.toml
[19dic2025 13:03:12.685] [modloading-sync-worker/DEBUG] [net.neoforged.fml.config.ConfigTracker/CONFIG]: Loaded TOML config file D:\Programmazione\Mod\Gilded Armor\NEOFORGE\1.21.11\runs\client\config\neoforge-common.toml
[19dic2025 13:03:12.687] [modloading-sync-worker/DEBUG] [net.neoforged.fml.config.ConfigTracker/CONFIG]: Watching TOML config file D:\Programmazione\Mod\Gilded Armor\NEOFORGE\1.21.11\runs\client\config\neoforge-common.toml for changes
[19dic2025 13:03:13.166] [Render thread/INFO] [com.mojang.authlib.yggdrasil.YggdrasilAuthenticationService/]: Environment: Environment[sessionHost=https://sessionserver.mojang.com, servicesHost=https://api.minecraftservices.com, profilesHost=https://api.mojang.com, name=PROD]
[19dic2025 13:03:13.220] [Render thread/INFO] [net.minecraft.client.Minecraft/]: Setting user: Dev
[19dic2025 13:03:13.668] [Render thread/INFO] [net.minecraft.client.Minecraft/]: Backend library: LWJGL version 3.3.3+5
[19dic2025 13:03:13.960] [Render thread/INFO] [net.minecraft.client.Minecraft/]: Using optional rendering extensions: GL_ARB_buffer_storage, GL_KHR_debug, GL_ARB_vertex_attrib_binding, GL_ARB_direct_state_access, GL_EXT_texture_filter_anisotropic
[19dic2025 13:03:15.169] [Render thread/INFO] [net.minecraft.server.packs.resources.ReloadableResourceManager/]: Reloading ResourceManager: vanilla, mod_resources, mod/gildedarmor, mod/neoforge
[19dic2025 13:03:15.817] [Render thread/DEBUG] [net.neoforged.fml.DeferredWorkQueue/LOADING]: Dispatching synchronous work for work queue Common setup: 1 jobs
[19dic2025 13:03:15.849] [Render thread/DEBUG] [net.neoforged.fml.DeferredWorkQueue/LOADING]: Synchronous work queue completed in 28.64 ms
[19dic2025 13:03:16.727] [resourceLoad/INFO] [net.minecraft.client.gui.font.providers.UnihexProvider/]: Found unifont_all_no_pua-17.0.01.hex, loading
[19dic2025 13:03:16.732] [resourceLoad/INFO] [net.minecraft.client.gui.font.providers.UnihexProvider/]: Found unifont_pua-17.0.01.hex, loading
[19dic2025 13:03:16.906] [resourceLoad/INFO] [net.minecraft.client.gui.font.providers.UnihexProvider/]: Found unifont_jp_patch-17.0.01.hex, loading
[19dic2025 13:03:21.319] [Render thread/INFO] [com.mojang.blaze3d.audio.Library/]: OpenAL initialized on device OpenAL Soft on Altoparlanti (Maonocaster G1 Neo)
[19dic2025 13:03:21.320] [Render thread/INFO] [net.minecraft.client.sounds.SoundEngine/SOUNDS]: Sound engine started
[19dic2025 13:03:21.321] [Render thread/INFO] [net.minecraft.client.renderer.texture.TextureAtlas/]: Created: 512x256x0 minecraft:textures/atlas/particles.png-atlas
[19dic2025 13:03:21.358] [Render thread/INFO] [net.minecraft.client.renderer.texture.TextureAtlas/]: Created: 128x128x0 minecraft:textures/atlas/decorated_pot.png-atlas
[19dic2025 13:03:21.363] [Render thread/INFO] [net.minecraft.client.renderer.texture.TextureAtlas/]: Created: 2048x1024x0 minecraft:textures/atlas/armor_trims.png-atlas
[19dic2025 13:03:21.462] [Render thread/INFO] [net.minecraft.client.renderer.texture.TextureAtlas/]: Created: 512x256x0 minecraft:textures/atlas/paintings.png-atlas
[19dic2025 13:03:21.470] [Render thread/INFO] [net.minecraft.client.renderer.texture.TextureAtlas/]: Created: 1024x512x0 minecraft:textures/atlas/shield_patterns.png-atlas
[19dic2025 13:03:21.484] [Render thread/INFO] [net.minecraft.client.renderer.texture.TextureAtlas/]: Created: 2048x2048x4 minecraft:textures/atlas/blocks.png-atlas
[19dic2025 13:03:21.840] [Render thread/INFO] [net.minecraft.client.renderer.texture.TextureAtlas/]: Created: 512x512x0 minecraft:textures/atlas/chest.png-atlas
[19dic2025 13:03:21.847] [Render thread/INFO] [net.minecraft.client.renderer.texture.TextureAtlas/]: Created: 256x128x0 minecraft:textures/atlas/celestials.png-atlas
[19dic2025 13:03:21.850] [Render thread/INFO] [net.minecraft.client.renderer.texture.TextureAtlas/]: Created: 1024x512x0 minecraft:textures/atlas/banner_patterns.png-atlas
[19dic2025 13:03:21.865] [Render thread/INFO] [net.minecraft.client.renderer.texture.TextureAtlas/]: Created: 512x512x0 minecraft:textures/atlas/beds.png-atlas
[19dic2025 13:03:21.870] [Render thread/INFO] [net.minecraft.client.renderer.texture.TextureAtlas/]: Created: 1024x512x0 minecraft:textures/atlas/items.png-atlas
[19dic2025 13:03:22.041] [Render thread/INFO] [net.minecraft.client.renderer.texture.TextureAtlas/]: Created: 1024x1024x0 minecraft:textures/atlas/gui.png-atlas
[19dic2025 13:03:22.142] [Render thread/INFO] [net.minecraft.client.renderer.texture.TextureAtlas/]: Created: 128x64x0 minecraft:textures/atlas/map_decorations.png-atlas
[19dic2025 13:03:22.150] [Render thread/INFO] [net.minecraft.client.renderer.texture.TextureAtlas/]: Created: 512x256x0 minecraft:textures/atlas/signs.png-atlas
[19dic2025 13:03:22.157] [Render thread/INFO] [net.minecraft.client.renderer.texture.TextureAtlas/]: Created: 512x512x0 minecraft:textures/atlas/shulker_boxes.png-atlas
[19dic2025 13:03:22.261] [Render thread/INFO] [net.neoforged.neoforge.client.entity.animation.json.AnimationLoader/]: Loaded 0 entity animations
[19dic2025 13:03:22.406] [Render thread/DEBUG] [net.neoforged.fml.classloading.transformation.ClassTransformStatistics/]: Transformed/total loaded classes: 380/7125 (5,33%) and 5 parsed for mixin
[19dic2025 13:03:25.355] [Render thread/INFO] [net.minecraft.client.renderer.DynamicUniformStorage/]: Resizing Dynamic Transforms UBO, capacity limit of 2 reached during a single frame. New capacity will be 4.
[19dic2025 13:03:25.682] [Render thread/WARN] [net.neoforged.neoforge.common.CommonHooks/WP]: The following mods have version differences that were not resolved:
gildedarmor (version 1.21.5-0.1 -> 1.21.11-0.1)
neoforge (version 21.5.34-beta -> 21.11.11-beta)
Things may not work well.
[19dic2025 13:03:27.187] [Render thread/INFO] [net.minecraft.world.item.crafting.RecipeManager/]: Loaded 1474 recipes
[19dic2025 13:03:27.200] [Render thread/INFO] [net.minecraft.advancements.AdvancementTree/]: Loaded 1584 advancements
[19dic2025 13:03:27.202] [Render thread/INFO] [net.neoforged.neoforge.common.crafting.RecipePriorityManager/]: Loaded 0 recipe priority overrides
[19dic2025 13:03:27.488] [Render thread/DEBUG] [net.neoforged.neoforge.common.CommonHooks/WP]: Gathered mod list to write to world save New World
[19dic2025 13:03:27.582] [Server thread/INFO] [net.minecraft.client.server.IntegratedServer/]: Starting integrated minecraft server version 1.21.11
[19dic2025 13:03:27.582] [Server thread/INFO] [net.minecraft.server.MinecraftServer/]: Generating keypair
[19dic2025 13:03:27.716] [Server thread/DEBUG] [net.neoforged.fml.config.ConfigTracker/CONFIG]: Loading configs type SERVER
[19dic2025 13:03:27.721] [Server thread/DEBUG] [net.neoforged.neoforge.common.NeoForgeMod/FORGEMOD]: Loaded NeoForge config file neoforge-server.toml
[19dic2025 13:03:27.721] [Server thread/DEBUG] [net.neoforged.fml.config.ConfigTracker/CONFIG]: Loaded TOML config file D:\Programmazione\Mod\Gilded Armor\NEOFORGE\1.21.11\runs\client\config\neoforge-server.toml
[19dic2025 13:03:27.722] [Server thread/DEBUG] [net.neoforged.fml.config.ConfigTracker/CONFIG]: Watching TOML config file D:\Programmazione\Mod\Gilded Armor\NEOFORGE\1.21.11\runs\client\config\neoforge-server.toml for changes
[19dic2025 13:03:29.792] [Server thread/INFO] [net.minecraft.server.level.progress.LoggingLevelLoadListener/]: Loading 0 persistent chunks...
[19dic2025 13:03:29.793] [Server thread/INFO] [net.minecraft.server.level.progress.LoggingLevelLoadListener/]: Preparing spawn area: 16%
[19dic2025 13:03:29.807] [Server thread/INFO] [net.neoforged.neoforge.server.permission.PermissionAPI/]: Successfully initialized permission handler neoforge:default_handler
[19dic2025 13:03:29.895] [Render thread/DEBUG] [io.netty.channel.MultithreadEventLoopGroup/]: -Dio.netty.eventLoopThreads: 32
[19dic2025 13:03:30.870] [Render thread/DEBUG] [io.netty.util.concurrent.GlobalEventExecutor/]: -Dio.netty.globalEventExecutor.quietPeriodSeconds: 1
[19dic2025 13:03:30.980] [Render thread/DEBUG] [io.netty.util.internal.PlatformDependent/]: org.jctools-core.MpscChunkedArrayQueue: available
[19dic2025 13:03:30.994] [Render thread/DEBUG] [io.netty.channel.DefaultChannelId/]: -Dio.netty.processId: 21768 (auto-detected)
[19dic2025 13:03:30.997] [Render thread/DEBUG] [io.netty.util.NetUtil/]: -Djava.net.preferIPv4Stack: false
[19dic2025 13:03:30.997] [Render thread/DEBUG] [io.netty.util.NetUtil/]: -Djava.net.preferIPv6Addresses: system
[19dic2025 13:03:31.009] [Render thread/DEBUG] [io.netty.util.NetUtilInitializations/]: Loopback interface: loopback_0 (Software Loopback Interface 1, 0:0:0:0:0:0:0:1)
[19dic2025 13:03:31.010] [Render thread/DEBUG] [io.netty.util.NetUtil/]: Failed to get SOMAXCONN from sysctl and file \proc\sys\net\core\somaxconn. Default: 200
[19dic2025 13:03:31.012] [Render thread/DEBUG] [io.netty.channel.DefaultChannelId/]: -Dio.netty.machineId: 34:5a:60:ff:fe:27:db:0f (auto-detected)
[19dic2025 13:03:31.030] [Render thread/DEBUG] [io.netty.bootstrap.ChannelInitializerExtensions/]: -Dio.netty.bootstrap.extensions: null
[19dic2025 13:03:31.241] [Netty Local IO #1/DEBUG] [net.neoforged.neoforge.network.filters.NetworkFilters/]: Injected net.neoforged.neoforge.network.filters.GenericPacketSplitter@19cf97f into net.minecraft.network.Connection@35c304d7
[19dic2025 13:03:31.246] [Netty Local IO #0/DEBUG] [net.neoforged.neoforge.network.filters.NetworkFilters/]: Injected net.neoforged.neoforge.network.filters.GenericPacketSplitter@32ed4876 into net.minecraft.network.Connection@5524d9e2
[19dic2025 13:03:31.400] [Server thread/INFO] [net.minecraft.server.level.progress.LoggingLevelLoadListener/]: Loading 49 chunks for player spawn...
[19dic2025 13:03:31.400] [Server thread/INFO] [net.minecraft.server.level.progress.LoggingLevelLoadListener/]: Preparing spawn area: 16%
[19dic2025 13:03:31.409] [Server thread/INFO] [net.minecraft.server.level.progress.LoggingLevelLoadListener/]: Preparing spawn area: 16%
[19dic2025 13:03:31.459] [Server thread/INFO] [net.minecraft.server.level.progress.LoggingLevelLoadListener/]: Preparing spawn area: 16%
[19dic2025 13:03:31.932] [Server thread/INFO] [net.minecraft.server.level.progress.LoggingLevelLoadListener/]: Preparing spawn area: 16%
[19dic2025 13:03:32.311] [Server thread/INFO] [net.minecraft.server.level.progress.LoggingLevelLoadListener/]: Preparing spawn area: 16%
[19dic2025 13:03:32.769] [Server thread/INFO] [net.minecraft.server.level.progress.LoggingLevelLoadListener/]: Time elapsed: 2978 ms
[19dic2025 13:03:33.210] [Netty Local IO #1/DEBUG] [net.neoforged.neoforge.network.filters.NetworkFilters/]: Injected net.neoforged.neoforge.network.filters.GenericPacketSplitter@60c589b8 into net.minecraft.network.Connection@35c304d7
[19dic2025 13:03:33.321] [Server thread/INFO] [net.minecraft.server.players.PlayerList/]: Dev[local:E:4d9c6867] logged in with entity id 72 at (27.734660465609924, 117.11650136792812, -19.764127988691456)
[19dic2025 13:03:33.342] [Server thread/DEBUG] [net.neoforged.neoforge.common.CommonHooks/]: Sending 0 recipes of the following types: []
[19dic2025 13:03:33.436] [Server thread/INFO] [net.minecraft.server.MinecraftServer/]: Dev joined the game
[19dic2025 13:03:33.713] [Render thread/WARN] [net.minecraft.client.multiplayer.ClientPacketListener/]: Ignoring chat session from Dev due to missing Services public key
[19dic2025 13:03:33.730] [Render thread/INFO] [net.minecraft.advancements.AdvancementTree/]: Loaded 25 advancements
[19dic2025 13:03:33.746] [Server thread/INFO] [net.minecraft.client.server.IntegratedServer/]: Changing view distance to 12, from 10
[19dic2025 13:03:33.749] [Server thread/INFO] [net.minecraft.client.server.IntegratedServer/]: Changing simulation distance to 12, from 0
[19dic2025 13:03:33.948] [Render thread/INFO] [net.minecraft.client.renderer.DynamicUniformStorage/]: Resizing Dynamic Transforms UBO, capacity limit of 4 reached during a single frame. New capacity will be 8.
[19dic2025 13:03:34.612] [Render thread/INFO] [net.minecraft.client.renderer.DynamicUniformStorage/]: Resizing Chunk Sections UBO, capacity limit of 2 reached during a single frame. New capacity will be 4.
[19dic2025 13:03:34.666] [Render thread/INFO] [net.minecraft.client.renderer.DynamicUniformStorage/]: Resizing Chunk Sections UBO, capacity limit of 4 reached during a single frame. New capacity will be 8.
[19dic2025 13:03:34.689] [Server thread/INFO] [net.minecraft.client.server.IntegratedServer/]: Saving and pausing game...
[19dic2025 13:03:34.703] [Render thread/INFO] [net.minecraft.client.renderer.DynamicUniformStorage/]: Resizing Chunk Sections UBO, capacity limit of 8 reached during a single frame. New capacity will be 16.
[19dic2025 13:03:34.736] [Server thread/INFO] [net.minecraft.server.MinecraftServer/]: Saving chunks for level 'ServerLevel[New World]'/minecraft:overworld
[19dic2025 13:03:34.777] [Server thread/INFO] [net.minecraft.server.MinecraftServer/]: Saving chunks for level 'ServerLevel[New World]'/minecraft:the_end
[19dic2025 13:03:34.778] [Server thread/INFO] [net.minecraft.server.MinecraftServer/]: Saving chunks for level 'ServerLevel[New World]'/minecraft:the_nether
[19dic2025 13:03:34.782] [Server thread/DEBUG] [net.neoforged.neoforge.common.CommonHooks/WP]: Gathered mod list to write to world save New World
[19dic2025 13:03:34.796] [Render thread/INFO] [net.minecraft.client.renderer.DynamicUniformStorage/]: Resizing Chunk Sections UBO, capacity limit of 16 reached during a single frame. New capacity will be 32.
[19dic2025 13:03:34.863] [Render thread/INFO] [net.minecraft.client.renderer.DynamicUniformStorage/]: Resizing Chunk Sections UBO, capacity limit of 32 reached during a single frame. New capacity will be 64.
[19dic2025 13:03:49.495] [Render thread/INFO] [net.minecraft.client.renderer.DynamicUniformStorage/]: Resizing Chunk Sections UBO, capacity limit of 64 reached during a single frame. New capacity will be 128.
[19dic2025 13:03:49.637] [Render thread/INFO] [net.minecraft.client.renderer.DynamicUniformStorage/]: Resizing Chunk Sections UBO, capacity limit of 128 reached during a single frame. New capacity will be 256.
[19dic2025 13:03:51.258] [Render thread/INFO] [net.minecraft.client.renderer.DynamicUniformStorage/]: Resizing Chunk Sections UBO, capacity limit of 256 reached during a single frame. New capacity will be 512.
[19dic2025 13:03:51.327] [Render thread/INFO] [net.minecraft.advancements.AdvancementTree/]: Loaded 26 advancements
[19dic2025 13:03:52.796] [Render thread/INFO] [net.minecraft.client.renderer.DynamicUniformStorage/]: Resizing Dynamic Transforms UBO, capacity limit of 8 reached during a single frame. New capacity will be 16.
