[16:58:38] [modloading-worker-0/INFO] ========================================
[16:58:38] [modloading-worker-0/INFO] Minecraft: 1.21.3
[16:58:38] [modloading-worker-0/INFO] Side: client
[16:58:38] [modloading-worker-0/INFO] Development: true
[16:58:38] [modloading-worker-0/INFO] Version: 17.0.790
[16:58:38] [modloading-worker-0/INFO] Loader:
[16:58:38] [modloading-worker-0/INFO] - Forge: null
[16:58:38] [modloading-worker-0/INFO] Dependencies:
[16:58:38] [modloading-worker-0/INFO] - Cloth Config: 16.0.141
[16:58:38] [modloading-worker-0/INFO] - Architectury: 14.0.3
[16:58:38] [modloading-worker-0/INFO] Mixin: 0.8.7
[16:58:38] [modloading-worker-0/INFO] OS: Windows 11 10.0 (amd64)
[16:58:38] [modloading-worker-0/INFO] Java: 21.0.5 (Azul Systems, Inc.)
[16:58:38] [modloading-worker-0/INFO] ========================================
[16:58:38] [modloading-worker-0/INFO] Mods:
[16:58:38] [modloading-worker-0/INFO] - architectury: 14.0.3
[16:58:38] [modloading-worker-0/INFO] - cloth_config: 16.0.141
[16:58:38] [modloading-worker-0/INFO] - gildedarmor: 1.21.3-0.3
[16:58:38] [modloading-worker-0/INFO] - minecraft: 1.21.3
[16:58:38] [modloading-worker-0/INFO] - neoforge: 21.3.57
[16:58:38] [modloading-worker-0/INFO] - roughlyenoughitems: 17.0.790
[16:58:38] [modloading-worker-0/INFO] ========================================
[16:58:38] [modloading-worker-0/DEBUG] [REI] Added filtering rule [roughlyenoughitems:search]: INSTANCE
[16:58:38] [modloading-worker-0/DEBUG] [REI] Added filtering rule [roughlyenoughitems:manual]: INSTANCE
[16:58:38] [modloading-worker-0/DEBUG] [REI] Added filtering rule [roughlyenoughitems:basic]: INSTANCE
[16:58:39] [modloading-worker-0/INFO] [REI] Config loaded
[16:58:39] [modloading-worker-0/DEBUG] [REI] Config saved
[16:58:39] [modloading-worker-0/DEBUG] [REI] Config saved
[16:58:39] [modloading-worker-0/DEBUG] [REI] Config saved
[16:58:39] [modloading-worker-0/INFO] [REI] Registered plugin provider DefaultPluginImpl [roughlyenoughitems] for REICommonPlugin
[16:58:39] [modloading-worker-0/INFO] [REI] Registered plugin provider DefaultRuntimePlugin [roughlyenoughitems] for REICommonPlugin
[16:58:39] [modloading-worker-0/INFO] [REI] Registered plugin provider DefaultClientPluginImpl [roughlyenoughitems] for REIClientPlugin
[16:58:39] [modloading-worker-0/INFO] [REI] Registered plugin provider DefaultClientRuntimePlugin [roughlyenoughitems] for REIClientPlugin
[16:58:39] [modloading-worker-0/DEBUG] [REI] Added filtering rule [roughlyenoughitems:hidden_from_recipe_viewers]: INSTANCE
[16:58:39] [modloading-worker-0/INFO] [REI] Registered plugin provider HideIngredientsFromTagsPlugin [roughlyenoughitems] for REIClientPlugin
[16:58:39] [modloading-worker-0/INFO] [REI] Registered plugin provider REITestPlugin for REIClientPlugin
[16:58:39] [modloading-worker-0/INFO] [REI] Registered plugin provider REITestCommonPlugin for REICommonPlugin
